Archive member included to satisfy reference by file (symbol)

C:/ST/STM32CubeIDE_1.16.1/STM32CubeIDE/plugins/com.st.stm32cube.ide.mcu.externaltools.gnu-tools-for-stm32.14.3.rel1.win32_1.0.100.202602081740/tools/bin/../lib/gcc/arm-none-eabi/14.3.1/../../../../arm-none-eabi/lib/thumb/v6-m/nofp\libc_nano.a(libc_a-exit.o)
                              C:/ST/STM32CubeIDE_1.16.1/STM32CubeIDE/plugins/com.st.stm32cube.ide.mcu.externaltools.gnu-tools-for-stm32.14.3.rel1.win32_1.0.100.202602081740/tools/bin/../lib/gcc/arm-none-eabi/14.3.1/../../../../arm-none-eabi/lib/thumb/v6-m/nofp/crt0.o (exit)
C:/ST/STM32CubeIDE_1.16.1/STM32CubeIDE/plugins/com.st.stm32cube.ide.mcu.externaltools.gnu-tools-for-stm32.14.3.rel1.win32_1.0.100.202602081740/tools/bin/../lib/gcc/arm-none-eabi/14.3.1/../../../../arm-none-eabi/lib/thumb/v6-m/nofp\libc_nano.a(libc_a-findfp.o)
                              C:/ST/STM32CubeIDE_1.16.1/STM32CubeIDE/plugins/com.st.stm32cube.ide.mcu.externaltools.gnu-tools-for-stm32.14.3.rel1.win32_1.0.100.202602081740/tools/bin/../lib/gcc/arm-none-eabi/14.3.1/../../../../arm-none-eabi/lib/thumb/v6-m/nofp\libc_nano.a(libc_a-exit.o) (__stdio_exit_handler)
C:/ST/STM32CubeIDE_1.16.1/STM32CubeIDE/plugins/com.st.stm32cube.ide.mcu.externaltools.gnu-tools-for-stm32.14.3.rel1.win32_1.0.100.202602081740/tools/bin/../lib/gcc/arm-none-eabi/14.3.1/../../../../arm-none-eabi/lib/thumb/v6-m/nofp\libc_nano.a(libc_a-fwalk.o)
                              C:/ST/STM32CubeIDE_1.16.1/STM32CubeIDE/plugins/com.st.stm32cube.ide.mcu.externaltools.gnu-tools-for-stm32.14.3.rel1.win32_1.0.100.202602081740/tools/bin/../lib/gcc/arm-none-eabi/14.3.1/../../../../arm-none-eabi/lib/thumb/v6-m/nofp\libc_nano.a(libc_a-findfp.o) (_fwalk_sglue)
C:/ST/STM32CubeIDE_1.16.1/STM32CubeIDE/plugins/com.st.stm32cube.ide.mcu.externaltools.gnu-tools-for-stm32.14.3.rel1.win32_1.0.100.202602081740/tools/bin/../lib/gcc/arm-none-eabi/14.3.1/../../../../arm-none-eabi/lib/thumb/v6-m/nofp\libc_nano.a(libc_a-snprintf.o)
                              ./Core/Src/main.o (snprintf)
C:/ST/STM32CubeIDE_1.16.1/STM32CubeIDE/plugins/com.st.stm32cube.ide.mcu.externaltools.gnu-tools-for-stm32.14.3.rel1.win32_1.0.100.202602081740/tools/bin/../lib/gcc/arm-none-eabi/14.3.1/../../../../arm-none-eabi/lib/thumb/v6-m/nofp\libc_nano.a(libc_a-stdio.o)
                              C:/ST/STM32CubeIDE_1.16.1/STM32CubeIDE/plugins/com.st.stm32cube.ide.mcu.externaltools.gnu-tools-for-stm32.14.3.rel1.win32_1.0.100.202602081740/tools/bin/../lib/gcc/arm-none-eabi/14.3.1/../../../../arm-none-eabi/lib/thumb/v6-m/nofp\libc_nano.a(libc_a-findfp.o) (__sread)
C:/ST/STM32CubeIDE_1.16.1/STM32CubeIDE/plugins/com.st.stm32cube.ide.mcu.externaltools.gnu-tools-for-stm32.14.3.rel1.win32_1.0.100.202602081740/tools/bin/../lib/gcc/arm-none-eabi/14.3.1/../../../../arm-none-eabi/lib/thumb/v6-m/nofp\libc_nano.a(libc_a-memset.o)
                              C:/ST/STM32CubeIDE_1.16.1/STM32CubeIDE/plugins/com.st.stm32cube.ide.mcu.externaltools.gnu-tools-for-stm32.14.3.rel1.win32_1.0.100.202602081740/tools/bin/../lib/gcc/arm-none-eabi/14.3.1/../../../../arm-none-eabi/lib/thumb/v6-m/nofp/crt0.o (memset)
C:/ST/STM32CubeIDE_1.16.1/STM32CubeIDE/plugins/com.st.stm32cube.ide.mcu.externaltools.gnu-tools-for-stm32.14.3.rel1.win32_1.0.100.202602081740/tools/bin/../lib/gcc/arm-none-eabi/14.3.1/../../../../arm-none-eabi/lib/thumb/v6-m/nofp\libc_nano.a(libc_a-closer.o)
                              C:/ST/STM32CubeIDE_1.16.1/STM32CubeIDE/plugins/com.st.stm32cube.ide.mcu.externaltools.gnu-tools-for-stm32.14.3.rel1.win32_1.0.100.202602081740/tools/bin/../lib/gcc/arm-none-eabi/14.3.1/../../../../arm-none-eabi/lib/thumb/v6-m/nofp\libc_nano.a(libc_a-stdio.o) (_close_r)
C:/ST/STM32CubeIDE_1.16.1/STM32CubeIDE/plugins/com.st.stm32cube.ide.mcu.externaltools.gnu-tools-for-stm32.14.3.rel1.win32_1.0.100.202602081740/tools/bin/../lib/gcc/arm-none-eabi/14.3.1/../../../../arm-none-eabi/lib/thumb/v6-m/nofp\libc_nano.a(libc_a-reent.o)
                              C:/ST/STM32CubeIDE_1.16.1/STM32CubeIDE/plugins/com.st.stm32cube.ide.mcu.externaltools.gnu-tools-for-stm32.14.3.rel1.win32_1.0.100.202602081740/tools/bin/../lib/gcc/arm-none-eabi/14.3.1/../../../../arm-none-eabi/lib/thumb/v6-m/nofp\libc_nano.a(libc_a-closer.o) (errno)
C:/ST/STM32CubeIDE_1.16.1/STM32CubeIDE/plugins/com.st.stm32cube.ide.mcu.externaltools.gnu-tools-for-stm32.14.3.rel1.win32_1.0.100.202602081740/tools/bin/../lib/gcc/arm-none-eabi/14.3.1/../../../../arm-none-eabi/lib/thumb/v6-m/nofp\libc_nano.a(libc_a-impure.o)
                              C:/ST/STM32CubeIDE_1.16.1/STM32CubeIDE/plugins/com.st.stm32cube.ide.mcu.externaltools.gnu-tools-for-stm32.14.3.rel1.win32_1.0.100.202602081740/tools/bin/../lib/gcc/arm-none-eabi/14.3.1/../../../../arm-none-eabi/lib/thumb/v6-m/nofp\libc_nano.a(libc_a-snprintf.o) (_impure_ptr)
[...]
Memory Configuration

Name             Origin             Length             Attributes
RAM              0x20000000         0x00009000         xrw
FLASH            0x08000000         0x00020000         xr
*default*        0x00000000         0xffffffff

Linker script and memory map

LOAD C:/ST/STM32CubeIDE_1.16.1/STM32CubeIDE/plugins/com.st.stm32cube.ide.mcu.externaltools.gnu-tools-for-stm32.14.3.rel1.win32_1.0.100.202602081740/tools/bin/../lib/gcc/arm-none-eabi/14.3.1/thumb/v6-m/nofp/crti.o
LOAD C:/ST/STM32CubeIDE_1.16.1/STM32CubeIDE/plugins/com.st.stm32cube.ide.mcu.externaltools.gnu-tools-for-stm32.14.3.rel1.win32_1.0.100.202602081740/tools/bin/../lib/gcc/arm-none-eabi/14.3.1/thumb/v6-m/nofp/crtbegin.o
LOAD C:/ST/STM32CubeIDE_1.16.1/STM32CubeIDE/plugins/com.st.stm32cube.ide.mcu.externaltools.gnu-tools-for-stm32.14.3.rel1.win32_1.0.100.202602081740/tools/bin/../lib/gcc/arm-none-eabi/14.3.1/../../../../arm-none-eabi/lib/thumb/v6-m/nofp/crt0.o
LOAD ./Core/Src/IHRD.o
LOAD ./Core/Src/adc.o
LOAD ./Core/Src/dma.o
LOAD ./Core/Src/gpio.o
LOAD ./Core/Src/i2c.o
LOAD ./Core/Src/main.o
LOAD ./Core/Src/stm32g0xx_hal_msp.o
LOAD ./Core/Src/stm32g0xx_it.o
LOAD ./Core/Src/syscalls.o
LOAD ./Core/Src/sysmem.o
LOAD ./Core/Src/system_stm32g0xx.o
LOAD ./Core/Src/tim.o
LOAD ./Core/Startup/startup_stm32g071gbux.o
LOAD ./Drivers/OLED/ssd1306.o
LOAD ./Drivers/OLED/ssd1306_fonts.o
LOAD ./Drivers/STM32G0xx_HAL_Driver/Src/stm32g0xx_hal.o
LOAD ./Drivers/STM32G0xx_HAL_Driver/Src/stm32g0xx_hal_adc.o
LOAD ./Drivers/STM32G0xx_HAL_Driver/Src/stm32g0xx_hal_adc_ex.o
LOAD ./Drivers/STM32G0xx_HAL_Driver/Src/stm32g0xx_hal_cortex.o
LOAD ./Drivers/STM32G0xx_HAL_Driver/Src/stm32g0xx_hal_dma.o
LOAD ./Drivers/STM32G0xx_HAL_Driver/Src/stm32g0xx_hal_dma_ex.o
LOAD ./Drivers/STM32G0xx_HAL_Driver/Src/stm32g0xx_hal_exti.o
LOAD ./Drivers/STM32G0xx_HAL_Driver/Src/stm32g0xx_hal_flash.o
LOAD ./Drivers/STM32G0xx_HAL_Driver/Src/stm32g0xx_hal_flash_ex.o
LOAD ./Drivers/STM32G0xx_HAL_Driver/Src/stm32g0xx_hal_gpio.o
LOAD ./Drivers/STM32G0xx_HAL_Driver/Src/stm32g0xx_hal_i2c.o
LOAD ./Drivers/STM32G0xx_HAL_Driver/Src/stm32g0xx_hal_i2c_ex.o
LOAD ./Drivers/STM32G0xx_HAL_Driver/Src/stm32g0xx_hal_pwr.o
LOAD ./Drivers/STM32G0xx_HAL_Driver/Src/stm32g0xx_hal_pwr_ex.o
LOAD ./Drivers/STM32G0xx_HAL_Driver/Src/stm32g0xx_hal_rcc.o
LOAD ./Drivers/STM32G0xx_HAL_Driver/Src/stm32g0xx_hal_rcc_ex.o
LOAD ./Drivers/STM32G0xx_HAL_Driver/Src/stm32g0xx_hal_tim.o
LOAD ./Drivers/STM32G0xx_HAL_Driver/Src/stm32g0xx_hal_tim_ex.o
LOAD ./Drivers/STM32G0xx_HAL_Driver/Src/stm32g0xx_ll_adc.o
LOAD ./Drivers/STM32G0xx_HAL_Driver/Src/stm32g0xx_ll_rcc.o
START GROUP
LOAD C:/ST/STM32CubeIDE_1.16.1/STM32CubeIDE/plugins/com.st.stm32cube.ide.mcu.externaltools.gnu-tools-for-stm32.14.3.rel1.win32_1.0.100.202602081740/tools/bin/../lib/gcc/arm-none-eabi/14.3.1/../../../../arm-none-eabi/lib/thumb/v6-m/nofp\libc_nano.a
LOAD C:/ST/STM32CubeIDE_1.16.1/STM32CubeIDE/plugins/com.st.stm32cube.ide.mcu.externaltools.gnu-tools-for-stm32.14.3.rel1.win32_1.0.100.202602081740/tools/bin/../lib/gcc/arm-none-eabi/14.3.1/../../../../arm-none-eabi/lib/thumb/v6-m/nofp\libm.a
END GROUP
START GROUP
LOAD C:/ST/STM32CubeIDE_1.16.1/STM32CubeIDE/plugins/com.st.stm32cube.ide.mcu.externaltools.gnu-tools-for-stm32.14.3.rel1.win32_1.0.100.202602081740/tools/bin/../lib/gcc/arm-none-eabi/14.3.1/thumb/v6-m/nofp\libgcc.a
LOAD C:/ST/STM32CubeIDE_1.16.1/STM32CubeIDE/plugins/com.st.stm32cube.ide.mcu.externaltools.gnu-tools-for-stm32.14.3.rel1.win32_1.0.100.202602081740/tools/bin/../lib/gcc/arm-none-eabi/14.3.1/../../../../arm-none-eabi/lib/thumb/v6-m/nofp\libc_nano.a
END GROUP
START GROUP
LOAD C:/ST/STM32CubeIDE_1.16.1/STM32CubeIDE/plugins/com.st.stm32cube.ide.mcu.externaltools.gnu-tools-for-stm32.14.3.rel1.win32_1.0.100.202602081740/tools/bin/../lib/gcc/arm-none-eabi/14.3.1/thumb/v6-m/nofp\libgcc.a
LOAD C:/ST/STM32CubeIDE_1.16.1/STM32CubeIDE/plugins/com.st.stm32cube.ide.mcu.externaltools.gnu-tools-for-stm32.14.3.rel1.win32_1.0.100.202602081740/tools/bin/../lib/gcc/arm-none-eabi/14.3.1/../../../../arm-none-eabi/lib/thumb/v6-m/nofp\libc_nano.a
LOAD C:/ST/STM32CubeIDE_1.16.1/STM32CubeIDE/plugins/com.st.stm32cube.ide.mcu.externaltools.gnu-tools-for-stm32.14.3.rel1.win32_1.0.100.202602081740/tools/bin/../lib/gcc/arm-none-eabi/14.3.1/../../../../arm-none-eabi/lib/thumb/v6-m/nofp\libnosys.a
END GROUP
START GROUP
LOAD C:/ST/STM32CubeIDE_1.16.1/STM32CubeIDE/plugins/com.st.stm32cube.ide.mcu.externaltools.gnu-tools-for-stm32.14.3.rel1.win32_1.0.100.202602081740/tools/bin/../lib/gcc/arm-none-eabi/14.3.1/thumb/v6-m/nofp\libgcc.a
LOAD C:/ST/STM32CubeIDE_1.16.1/STM32CubeIDE/plugins/com.st.stm32cube.ide.mcu.externaltools.gnu-tools-for-stm32.14.3.rel1.win32_1.0.100.202602081740/tools/bin/../lib/gcc/arm-none-eabi/14.3.1/../../../../arm-none-eabi/lib/thumb/v6-m/nofp\libc_nano.a
LOAD C:/ST/STM32CubeIDE_1.16.1/STM32CubeIDE/plugins/com.st.stm32cube.ide.mcu.externaltools.gnu-tools-for-stm32.14.3.rel1.win32_1.0.100.202602081740/tools/bin/../lib/gcc/arm-none-eabi/14.3.1/../../../../arm-none-eabi/lib/thumb/v6-m/nofp\libnosys.a
END GROUP
LOAD C:/ST/STM32CubeIDE_1.16.1/STM32CubeIDE/plugins/com.st.stm32cube.ide.mcu.externaltools.gnu-tools-for-stm32.14.3.rel1.win32_1.0.100.202602081740/tools/bin/../lib/gcc/arm-none-eabi/14.3.1/thumb/v6-m/nofp/crtend.o
LOAD C:/ST/STM32CubeIDE_1.16.1/STM32CubeIDE/plugins/com.st.stm32cube.ide.mcu.externaltools.gnu-tools-for-stm32.14.3.rel1.win32_1.0.100.202602081740/tools/bin/../lib/gcc/arm-none-eabi/14.3.1/thumb/v6-m/nofp/crtn.o
                0x20009000                        _estack = (ORIGIN (RAM) + LENGTH (RAM))
                0x00000400                        _Min_Heap_Size = 0x400
                0x00000400                        _Min_Stack_Size = 0x400

.isr_vector     0x08000000       0xbc
                0x08000000                        . = ALIGN (0x4)
 *(.isr_vector)
 .isr_vector    0x08000000       0xbc ./Core/Startup/startup_stm32g071gbux.o
                0x08000000                g_pfnVectors
                0x080000bc                        . = ALIGN (0x4)

.text           0x080000bc     0x6818
                0x080000bc                        . = ALIGN (0x4)
 *(.text)
 .text          0x080000bc       0x48 C:/ST/STM32CubeIDE_1.16.1/STM32CubeIDE/plugins/com.st.stm32cube.ide.mcu.externaltools.gnu-tools-for-stm32.14.3.rel1.win32_1.0.100.202602081740/tools/bin/../lib/gcc/arm-none-eabi/14.3.1/thumb/v6-m/nofp/crtbegin.o
 .text          0x08000104       0x14 C:/ST/STM32CubeIDE_1.16.1/STM32CubeIDE/plugins/com.st.stm32cube.ide.mcu.externaltools.gnu-tools-for-stm32.14.3.rel1.win32_1.0.100.202602081740/tools/bin/../lib/gcc/arm-none-eabi/14.3.1/thumb/v6-m/nofp\libgcc.a(_thumb1_case_shi.o)
                0x08000104                __gnu_thumb1_case_shi
 .text          0x08000118      0x114 C:/ST/STM32CubeIDE_1.16.1/STM32CubeIDE/plugins/com.st.stm32cube.ide.mcu.externaltools.gnu-tools-for-stm32.14.3.rel1.win32_1.0.100.202602081740/tools/bin/../lib/gcc/arm-none-eabi/14.3.1/thumb/v6-m/nofp\libgcc.a(_udivsi3.o)
                0x08000118                __aeabi_uidiv
                0x08000118                __udivsi3
                0x08000224                __aeabi_uidivmod
 .text          0x0800022c        0x4 C:/ST/STM32CubeIDE_1.16.1/STM32CubeIDE/plugins/com.st.stm32cube.ide.mcu.externaltools.gnu-tools-for-stm32.14.3.rel1.win32_1.0.100.202602081740/tools/bin/../lib/gcc/arm-none-eabi/14.3.1/thumb/v6-m/nofp\libgcc.a(_dvmd_tls.o)
                0x0800022c                __aeabi_idiv0
                0x0800022c                __aeabi_ldiv0
 .text          0x08000230       0x74 C:/ST/STM32CubeIDE_1.16.1/STM32CubeIDE/plugins/com.st.stm32cube.ide.mcu.externaltools.gnu-tools-for-stm32.14.3.rel1.win32_1.0.100.202602081740/tools/bin/../lib/gcc/arm-none-eabi/14.3.1/thumb/v6-m/nofp\libgcc.a(_arm_cmpsf2.o)
                0x08000230                __aeabi_cfrcmple
                0x08000238                __aeabi_cfcmpeq
                0x08000238                __aeabi_cfcmple
                0x08000248                __aeabi_fcmpeq
                0x08000254                __aeabi_fcmplt
                0x08000268                __aeabi_fcmple
                0x0800027c                __aeabi_fcmpgt
                0x08000290                __aeabi_fcmpge
 .text          0x080002a4       0x30 C:/ST/STM32CubeIDE_1.16.1/STM32CubeIDE/plugins/com.st.stm32cube.ide.mcu.externaltools.gnu-tools-for-stm32.14.3.rel1.win32_1.0.100.202602081740/tools/bin/../lib/gcc/arm-none-eabi/14.3.1/thumb/v6-m/nofp\libgcc.a(_fixunssfsi.o)
                0x080002a4                __fixunssfsi
                0x080002a4                __aeabi_f2uiz
 .text          0x080002d4      0x41c C:/ST/STM32CubeIDE_1.16.1/STM32CubeIDE/plugins/com.st.stm32cube.ide.mcu.externaltools.gnu-tools-for-stm32.14.3.rel1.win32_1.0.100.202602081740/tools/bin/../lib/gcc/arm-none-eabi/14.3.1/thumb/v6-m/nofp\libgcc.a(addsf3.o)
                0x080002d4                __aeabi_fadd
 .text          0x080006f0      0x22c C:/ST/STM32CubeIDE_1.16.1/STM32CubeIDE/plugins/com.st.stm32cube.ide.mcu.externaltools.gnu-tools-for-stm32.14.3.rel1.win32_1.0.100.202602081740/tools/bin/../lib/gcc/arm-none-eabi/14.3.1/thumb/v6-m/nofp\libgcc.a(divsf3.o)
                0x080006f0                __aeabi_fdiv
 .text          0x0800091c       0x50 C:/ST/STM32CubeIDE_1.16.1/STM32CubeIDE/plugins/com.st.stm32cube.ide.mcu.externaltools.gnu-tools-for-stm32.14.3.rel1.win32_1.0.100.202602081740/tools/bin/../lib/gcc/arm-none-eabi/14.3.1/thumb/v6-m/nofp\libgcc.a(eqsf2.o)
                0x0800091c                __eqsf2
                0x0800091c                __nesf2
 .text          0x0800096c       0x90 C:/ST/STM32CubeIDE_1.16.1/STM32CubeIDE/plugins/com.st.stm32cube.ide.mcu.externaltools.gnu-tools-for-stm32.14.3.rel1.win32_1.0.100.202602081740/tools/bin/../lib/gcc/arm-none-eabi/14.3.1/thumb/v6-m/nofp\libgcc.a(gesf2.o)
                0x0800096c                __gesf2
                0x0800096c                __gtsf2
 .text          0x080009fc       0x90 C:/ST/STM32CubeIDE_1.16.1/STM32CubeIDE/plugins/com.st.stm32cube.ide.mcu.externaltools.gnu-tools-for-stm32.14.3.rel1.win32_1.0.100.202602081740/tools/bin/../lib/gcc/arm-none-eabi/14.3.1/thumb/v6-m/nofp\libgcc.a(lesf2.o)
                0x080009fc                __ltsf2
                0x080009fc                __lesf2
 .text          0x08000a8c      0x2a4 C:/ST/STM32CubeIDE_1.16.1/STM32CubeIDE/plugins/com.st.stm32cube.ide.mcu.externaltools.gnu-tools-for-stm32.14.3.rel1.win32_1.0.100.202602081740/tools/bin/../lib/gcc/arm-none-eabi/14.3.1/thumb/v6-m/nofp\libgcc.a(mulsf3.o)
                0x08000a8c                __aeabi_fmul
 .text          0x08000d30      0x484 C:/ST/STM32CubeIDE_1.16.1/STM32CubeIDE/plugins/com.st.stm32cube.ide.mcu.externaltools.gnu-tools-for-stm32.14.3.rel1.win32_1.0.100.202602081740/tools/bin/../lib/gcc/arm-none-eabi/14.3.1/thumb/v6-m/nofp\libgcc.a(subsf3.o)
                0x08000d30                __aeabi_fsub
 .text          0x080011b4       0x40 C:/ST/STM32CubeIDE_1.16.1/STM32CubeIDE/plugins/com.st.stm32cube.ide.mcu.externaltools.gnu-tools-for-stm32.14.3.rel1.win32_1.0.100.202602081740/tools/bin/../lib/gcc/arm-none-eabi/14.3.1/thumb/v6-m/nofp\libgcc.a(fixsfsi.o)
                0x080011b4                __aeabi_f2iz
 .text          0x080011f4       0xa0 C:/ST/STM32CubeIDE_1.16.1/STM32CubeIDE/plugins/com.st.stm32cube.ide.mcu.externaltools.gnu-tools-for-stm32.14.3.rel1.win32_1.0.100.202602081740/tools/bin/../lib/gcc/arm-none-eabi/14.3.1/thumb/v6-m/nofp\libgcc.a(floatsisf.o)
                0x080011f4                __aeabi_i2f
 .text          0x08001294       0x8c C:/ST/STM32CubeIDE_1.16.1/STM32CubeIDE/plugins/com.st.stm32cube.ide.mcu.externaltools.gnu-tools-for-stm32.14.3.rel1.win32_1.0.100.202602081740/tools/bin/../lib/gcc/arm-none-eabi/14.3.1/thumb/v6-m/nofp\libgcc.a(floatunsisf.o)
                0x08001294                __aeabi_ui2f
 .text          0x08001320       0x3c C:/ST/STM32CubeIDE_1.16.1/STM32CubeIDE/plugins/com.st.stm32cube.ide.mcu.externaltools.gnu-tools-for-stm32.14.3.rel1.win32_1.0.100.202602081740/tools/bin/../lib/gcc/arm-none-eabi/14.3.1/thumb/v6-m/nofp\libgcc.a(_clzsi2.o)
                0x08001320                __clzsi2
 *(.text*)
 .text.IRHRM_Init
                0x0800135c       0x4a ./Core/Src/IHRD.o
                0x0800135c                IRHRM_Init
 *fill*         0x080013a6        0x2 
 .text.IRHRM_Update
                0x080013a8      0x12c ./Core/Src/IHRD.o
                0x080013a8                IRHRM_Update
 .text.IRHRM_IsIrregular
                0x080014d4       0x16 ./Core/Src/IHRD.o
                0x080014d4                IRHRM_IsIrregular
 .text.IRHRM_ClearAlert
                0x080014ea       0x4a ./Core/Src/IHRD.o
                0x080014ea                IRHRM_ClearAlert
 .text.MX_ADC1_Init
                0x08001534       0xdc ./Core/Src/adc.o
                0x08001534                MX_ADC1_Init
 .text.HAL_ADC_MspInit
                0x08001610       0xe4 ./Core/Src/adc.o
                0x08001610                HAL_ADC_MspInit
 .text.MX_DMA_Init
                0x080016f4       0x3c ./Core/Src/dma.o
                0x080016f4                MX_DMA_Init
 .text.MX_GPIO_Init
                0x08001730       0xf8 ./Core/Src/gpio.o
                0x08001730                MX_GPIO_Init
 .text.MX_I2C1_Init
                0x08001828       0x9c ./Core/Src/i2c.o
                0x08001828                MX_I2C1_Init
 .text.HAL_I2C_MspInit
                0x080018c4       0xc4 ./Core/Src/i2c.o
                0x080018c4                HAL_I2C_MspInit
 .text.main     0x08001988      0x6f0 ./Core/Src/main.o
                0x08001988                main
 .text.SystemClock_Config
                0x08002078       0x90 ./Core/Src/main.o
                0x08002078                SystemClock_Config
 .text.HAL_ADC_ConvCpltCallback
                0x08002108       0x28 ./Core/Src/main.o
                0x08002108                HAL_ADC_ConvCpltCallback
 .text.Error_Handler
                0x08002130        0xc ./Core/Src/main.o
                0x08002130                Error_Handler
 .text.HAL_MspInit
                0x0800213c       0x48 ./Core/Src/stm32g0xx_hal_msp.o
                0x0800213c                HAL_MspInit
 .text.NMI_Handler
                0x08002184        0x8 ./Core/Src/stm32g0xx_it.o
                0x08002184                NMI_Handler
 .text.HardFault_Handler
                0x0800218c        0x8 ./Core/Src/stm32g0xx_it.o
                0x0800218c                HardFault_Handler
 .text.SVC_Handler
                0x08002194        0xa ./Core/Src/stm32g0xx_it.o
                0x08002194                SVC_Handler
 .text.PendSV_Handler
                0x0800219e        0xa ./Core/Src/stm32g0xx_it.o
                0x0800219e                PendSV_Handler
 .text.SysTick_Handler
                0x080021a8        0xe ./Core/Src/stm32g0xx_it.o
                0x080021a8                SysTick_Handler
 *fill*         0x080021b6        0x2 
 .text.DMA1_Channel1_IRQHandler
                0x080021b8       0x18 ./Core/Src/stm32g0xx_it.o
                0x080021b8                DMA1_Channel1_IRQHandler
 .text._sbrk    0x080021d0       0x6c ./Core/Src/sysmem.o
                0x080021d0                _sbrk
 .text.SystemInit
                0x0800223c        0xa ./Core/Src/system_stm32g0xx.o
                0x0800223c                SystemInit
 *fill*         0x08002246        0x2 
 .text.MX_TIM3_Init
                0x08002248       0xa8 ./Core/Src/tim.o
                0x08002248                MX_TIM3_Init
 .text.HAL_TIM_Base_MspInit
                0x080022f0       0x3c ./Core/Src/tim.o
                0x080022f0                HAL_TIM_Base_MspInit
 .text.Reset_Handler
                0x0800232c       0x50 ./Core/Startup/startup_stm32g071gbux.o
                0x0800232c                Reset_Handler
 .text.Default_Handler
                0x0800237c        0x2 ./Core/Startup/startup_stm32g071gbux.o
                0x0800237c                USART3_4_LPUART1_IRQHandler
                0x0800237c                TIM1_CC_IRQHandler
                0x0800237c                ADC1_COMP_IRQHandler
                0x0800237c                PVD_IRQHandler
                0x0800237c                I2C1_IRQHandler
                0x0800237c                TIM7_LPTIM2_IRQHandler
                0x0800237c                RTC_TAMP_IRQHandler
                0x0800237c                SPI1_IRQHandler
                0x0800237c                EXTI2_3_IRQHandler
                0x0800237c                I2C2_IRQHandler
                0x0800237c                TIM17_IRQHandler
                0x0800237c                TIM16_IRQHandler
                0x0800237c                TIM3_IRQHandler
                0x0800237c                EXTI4_15_IRQHandler
                0x0800237c                RCC_IRQHandler
                0x0800237c                Default_Handler
                0x0800237c                CEC_IRQHandler
                0x0800237c                TIM14_IRQHandler
                0x0800237c                TIM15_IRQHandler
                0x0800237c                EXTI0_1_IRQHandler
                0x0800237c                SPI2_IRQHandler
                0x0800237c                TIM6_DAC_LPTIM1_IRQHandler
                0x0800237c                WWDG_IRQHandler
                0x0800237c                TIM2_IRQHandler
                0x0800237c                DMA1_Ch4_7_DMAMUX1_OVR_IRQHandler
                0x0800237c                DMA1_Channel2_3_IRQHandler
                0x0800237c                UCPD1_2_IRQHandler
                0x0800237c                USART2_IRQHandler
                0x0800237c                FLASH_IRQHandler
                0x0800237c                USART1_IRQHandler
                0x0800237c                TIM1_BRK_UP_TRG_COM_IRQHandler
 .text.ssd1306_Reset
                0x0800237e        0xa ./Drivers/OLED/ssd1306.o
                0x0800237e                ssd1306_Reset
 .text.ssd1306_WriteCommand
                0x08002388       0x34 ./Drivers/OLED/ssd1306.o
                0x08002388                ssd1306_WriteCommand
 .text.ssd1306_WriteData
                0x080023bc       0x34 ./Drivers/OLED/ssd1306.o
                0x080023bc                ssd1306_WriteData
 .text.ssd1306_Init
                0x080023f0       0xd8 ./Drivers/OLED/ssd1306.o
                0x080023f0                ssd1306_Init
 .text.ssd1306_Fill
                0x080024c8       0x34 ./Drivers/OLED/ssd1306.o
                0x080024c8                ssd1306_Fill
 .text.ssd1306_UpdateScreen
                0x080024fc       0x5c ./Drivers/OLED/ssd1306.o
                0x080024fc                ssd1306_UpdateScreen
 .text.ssd1306_DrawPixel
                0x08002558       0xc4 ./Drivers/OLED/ssd1306.o
                0x08002558                ssd1306_DrawPixel
 .text.ssd1306_WriteChar
                0x0800261c      0x144 ./Drivers/OLED/ssd1306.o
                0x0800261c                ssd1306_WriteChar
 .text.ssd1306_WriteString
                0x08002760       0x56 ./Drivers/OLED/ssd1306.o
                0x08002760                ssd1306_WriteString
 *fill*         0x080027b6        0x2 
 .text.ssd1306_SetCursor
                0x080027b8       0x34 ./Drivers/OLED/ssd1306.o
                0x080027b8                ssd1306_SetCursor
 .text.ssd1306_FillRectangle
                0x080027ec      0x10e ./Drivers/OLED/ssd1306.o
                0x080027ec                ssd1306_FillRectangle
 .text.ssd1306_SetContrast
                0x080028fa       0x30 ./Drivers/OLED/ssd1306.o
                0x080028fa                ssd1306_SetContrast
 *fill*         0x0800292a        0x2 
 .text.ssd1306_SetDisplayOn
                0x0800292c       0x4c ./Drivers/OLED/ssd1306.o
                0x0800292c                ssd1306_SetDisplayOn
 .text.HAL_Init
                0x08002978       0x40 ./Drivers/STM32G0xx_HAL_Driver/Src/stm32g0xx_hal.o
                0x08002978                HAL_Init
 .text.HAL_InitTick
                0x080029b8       0x94 ./Drivers/STM32G0xx_HAL_Driver/Src/stm32g0xx_hal.o
                0x080029b8                HAL_InitTick
 .text.HAL_IncTick
                0x08002a4c       0x24 ./Drivers/STM32G0xx_HAL_Driver/Src/stm32g0xx_hal.o
                0x08002a4c                HAL_IncTick
 .text.HAL_GetTick
                0x08002a70       0x14 ./Drivers/STM32G0xx_HAL_Driver/Src/stm32g0xx_hal.o
                0x08002a70                HAL_GetTick
 .text.HAL_Delay
                0x08002a84       0x48 ./Drivers/STM32G0xx_HAL_Driver/Src/stm32g0xx_hal.o
                0x08002a84                HAL_Delay
 .text.LL_ADC_SetCommonPathInternalCh
                0x08002acc       0x28 ./Drivers/STM32G0xx_HAL_Driver/Src/stm32g0xx_hal_adc.o
 .text.LL_ADC_GetCommonPathInternalCh
                0x08002af4       0x1a ./Drivers/STM32G0xx_HAL_Driver/Src/stm32g0xx_hal_adc.o
 .text.LL_ADC_SetSamplingTimeCommonChannels
                0x08002b0e       0x3a ./Drivers/STM32G0xx_HAL_Driver/Src/stm32g0xx_hal_adc.o
 .text.LL_ADC_GetSamplingTimeCommonChannels
                0x08002b48       0x2e ./Drivers/STM32G0xx_HAL_Driver/Src/stm32g0xx_hal_adc.o
 .text.LL_ADC_REG_IsTriggerSourceSWStart
                0x08002b76       0x22 ./Drivers/STM32G0xx_HAL_Driver/Src/stm32g0xx_hal_adc.o
 .text.LL_ADC_REG_SetSequencerRanks
                0x08002b98       0x40 ./Drivers/STM32G0xx_HAL_Driver/Src/stm32g0xx_hal_adc.o
 .text.LL_ADC_REG_SetSequencerChAdd
                0x08002bd8       0x22 ./Drivers/STM32G0xx_HAL_Driver/Src/stm32g0xx_hal_adc.o
 .text.LL_ADC_REG_SetSequencerChRem
                0x08002bfa       0x24 ./Drivers/STM32G0xx_HAL_Driver/Src/stm32g0xx_hal_adc.o
 *fill*         0x08002c1e        0x2 
 .text.LL_ADC_SetChannelSamplingTime
                0x08002c20       0x38 ./Drivers/STM32G0xx_HAL_Driver/Src/stm32g0xx_hal_adc.o
 .text.LL_ADC_EnableInternalRegulator
                0x08002c58       0x28 ./Drivers/STM32G0xx_HAL_Driver/Src/stm32g0xx_hal_adc.o
 .text.LL_ADC_IsInternalRegulatorEnabled
                0x08002c80       0x28 ./Drivers/STM32G0xx_HAL_Driver/Src/stm32g0xx_hal_adc.o
 .text.LL_ADC_Enable
                0x08002ca8       0x24 ./Drivers/STM32G0xx_HAL_Driver/Src/stm32g0xx_hal_adc.o
 .text.LL_ADC_Disable
                0x08002ccc       0x24 ./Drivers/STM32G0xx_HAL_Driver/Src/stm32g0xx_hal_adc.o
 .text.LL_ADC_IsEnabled
                0x08002cf0       0x22 ./Drivers/STM32G0xx_HAL_Driver/Src/stm32g0xx_hal_adc.o
 *fill*         0x08002d12        0x2 
 .text.LL_ADC_REG_StartConversion
                0x08002d14       0x24 ./Drivers/STM32G0xx_HAL_Driver/Src/stm32g0xx_hal_adc.o
 .text.LL_ADC_REG_IsConversionOngoing
                0x08002d38       0x22 ./Drivers/STM32G0xx_HAL_Driver/Src/stm32g0xx_hal_adc.o
 *fill*         0x08002d5a        0x2 
 .text.HAL_ADC_Init
                0x08002d5c      0x350 ./Drivers/STM32G0xx_HAL_Driver/Src/stm32g0xx_hal_adc.o
                0x08002d5c                HAL_ADC_Init
 .text.HAL_ADC_Start_DMA
                0x080030ac      0x11c ./Drivers/STM32G0xx_HAL_Driver/Src/stm32g0xx_hal_adc.o
                0x080030ac                HAL_ADC_Start_DMA
 .text.HAL_ADC_ConvHalfCpltCallback
                0x080031c8       0x10 ./Drivers/STM32G0xx_HAL_Driver/Src/stm32g0xx_hal_adc.o
                0x080031c8                HAL_ADC_ConvHalfCpltCallback
 .text.HAL_ADC_ErrorCallback
                0x080031d8       0x10 ./Drivers/STM32G0xx_HAL_Driver/Src/stm32g0xx_hal_adc.o
                0x080031d8                HAL_ADC_ErrorCallback
 .text.HAL_ADC_ConfigChannel
                0x080031e8      0x3b0 ./Drivers/STM32G0xx_HAL_Driver/Src/stm32g0xx_hal_adc.o
                0x080031e8                HAL_ADC_ConfigChannel
 .text.ADC_Enable
                0x08003598      0x10c ./Drivers/STM32G0xx_HAL_Driver/Src/stm32g0xx_hal_adc.o
                0x08003598                ADC_Enable
 .text.ADC_DMAConvCplt
                0x080036a4       0xc8 ./Drivers/STM32G0xx_HAL_Driver/Src/stm32g0xx_hal_adc.o
 .text.ADC_DMAHalfConvCplt
                0x0800376c       0x1e ./Drivers/STM32G0xx_HAL_Driver/Src/stm32g0xx_hal_adc.o
 .text.ADC_DMAError
                0x0800378a       0x36 ./Drivers/STM32G0xx_HAL_Driver/Src/stm32g0xx_hal_adc.o
 .text.__NVIC_EnableIRQ
                0x080037c0       0x34 ./Drivers/STM32G0xx_HAL_Driver/Src/stm32g0xx_hal_cortex.o
 .text.__NVIC_SetPriority
                0x080037f4       0xdc ./Drivers/STM32G0xx_HAL_Driver/Src/stm32g0xx_hal_cortex.o
 .text.SysTick_Config
                0x080038d0       0x48 ./Drivers/STM32G0xx_HAL_Driver/Src/stm32g0xx_hal_cortex.o
 .text.HAL_NVIC_SetPriority
                0x08003918       0x2a ./Drivers/STM32G0xx_HAL_Driver/Src/stm32g0xx_hal_cortex.o
                0x08003918                HAL_NVIC_SetPriority
 .text.HAL_NVIC_EnableIRQ
                0x08003942       0x20 ./Drivers/STM32G0xx_HAL_Driver/Src/stm32g0xx_hal_cortex.o
                0x08003942                HAL_NVIC_EnableIRQ
 .text.HAL_SYSTICK_Config
                0x08003962       0x1a ./Drivers/STM32G0xx_HAL_Driver/Src/stm32g0xx_hal_cortex.o
                0x08003962                HAL_SYSTICK_Config
 .text.HAL_DMA_Init
                0x0800397c      0x114 ./Drivers/STM32G0xx_HAL_Driver/Src/stm32g0xx_hal_dma.o
                0x0800397c                HAL_DMA_Init
 .text.HAL_DMA_Start_IT
                0x08003a90      0x10c ./Drivers/STM32G0xx_HAL_Driver/Src/stm32g0xx_hal_dma.o
                0x08003a90                HAL_DMA_Start_IT
 .text.HAL_DMA_IRQHandler
                0x08003b9c      0x164 ./Drivers/STM32G0xx_HAL_Driver/Src/stm32g0xx_hal_dma.o
                0x08003b9c                HAL_DMA_IRQHandler
 .text.DMA_SetConfig
                0x08003d00       0x80 ./Drivers/STM32G0xx_HAL_Driver/Src/stm32g0xx_hal_dma.o
 .text.DMA_CalcDMAMUXChannelBaseAndMask
                0x08003d80       0x58 ./Drivers/STM32G0xx_HAL_Driver/Src/stm32g0xx_hal_dma.o
 .text.DMA_CalcDMAMUXRequestGenBaseAndMask
                0x08003dd8       0x48 ./Drivers/STM32G0xx_HAL_Driver/Src/stm32g0xx_hal_dma.o
 .text.HAL_GPIO_Init
                0x08003e20      0x2c8 ./Drivers/STM32G0xx_HAL_Driver/Src/stm32g0xx_hal_gpio.o
                0x08003e20                HAL_GPIO_Init
 .text.HAL_GPIO_ReadPin
                0x080040e8       0x3a ./Drivers/STM32G0xx_HAL_Driver/Src/stm32g0xx_hal_gpio.o
                0x080040e8                HAL_GPIO_ReadPin
 .text.HAL_GPIO_WritePin
                0x08004122       0x3a ./Drivers/STM32G0xx_HAL_Driver/Src/stm32g0xx_hal_gpio.o
                0x08004122                HAL_GPIO_WritePin
 .text.HAL_GPIO_TogglePin
                0x0800415c       0x36 ./Drivers/STM32G0xx_HAL_Driver/Src/stm32g0xx_hal_gpio.o
                0x0800415c                HAL_GPIO_TogglePin
 *fill*         0x08004192        0x2 
 .text.HAL_I2C_Init
                0x08004194      0x14c ./Drivers/STM32G0xx_HAL_Driver/Src/stm32g0xx_hal_i2c.o
                0x08004194                HAL_I2C_Init
 .text.HAL_I2C_Mem_Write
                0x080042e0      0x25c ./Drivers/STM32G0xx_HAL_Driver/Src/stm32g0xx_hal_i2c.o
                0x080042e0                HAL_I2C_Mem_Write
 .text.I2C_RequestMemoryWrite
                0x0800453c       0xc8 ./Drivers/STM32G0xx_HAL_Driver/Src/stm32g0xx_hal_i2c.o
 .text.I2C_Flush_TXDR
                0x08004604       0x44 ./Drivers/STM32G0xx_HAL_Driver/Src/stm32g0xx_hal_i2c.o
 .text.I2C_WaitOnFlagUntilTimeout
                0x08004648       0xb0 ./Drivers/STM32G0xx_HAL_Driver/Src/stm32g0xx_hal_i2c.o
 .text.I2C_WaitOnTXISFlagUntilTimeout
                0x080046f8       0x8c ./Drivers/STM32G0xx_HAL_Driver/Src/stm32g0xx_hal_i2c.o
 .text.I2C_WaitOnSTOPFlagUntilTimeout
                0x08004784       0x86 ./Drivers/STM32G0xx_HAL_Driver/Src/stm32g0xx_hal_i2c.o
 *fill*         0x0800480a        0x2 
 .text.I2C_IsErrorOccurred
                0x0800480c      0x1f0 ./Drivers/STM32G0xx_HAL_Driver/Src/stm32g0xx_hal_i2c.o
 .text.I2C_TransferConfig
                0x080049fc       0x74 ./Drivers/STM32G0xx_HAL_Driver/Src/stm32g0xx_hal_i2c.o
 .text.HAL_I2CEx_ConfigAnalogFilter
                0x08004a70       0x98 ./Drivers/STM32G0xx_HAL_Driver/Src/stm32g0xx_hal_i2c_ex.o
                0x08004a70                HAL_I2CEx_ConfigAnalogFilter
 .text.HAL_I2CEx_ConfigDigitalFilter
                0x08004b08       0x98 ./Drivers/STM32G0xx_HAL_Driver/Src/stm32g0xx_hal_i2c_ex.o
                0x08004b08                HAL_I2CEx_ConfigDigitalFilter
 .text.HAL_PWREx_ControlVoltageScaling
                0x08004ba0       0x80 ./Drivers/STM32G0xx_HAL_Driver/Src/stm32g0xx_hal_pwr_ex.o
                0x08004ba0                HAL_PWREx_ControlVoltageScaling
 .text.HAL_RCC_OscConfig
                0x08004c20      0x634 ./Drivers/STM32G0xx_HAL_Driver/Src/stm32g0xx_hal_rcc.o
                0x08004c20                HAL_RCC_OscConfig
 .text.HAL_RCC_ClockConfig
                0x08005254      0x210 ./Drivers/STM32G0xx_HAL_Driver/Src/stm32g0xx_hal_rcc.o
                0x08005254                HAL_RCC_ClockConfig
 .text.HAL_RCC_GetSysClockFreq
                0x08005464      0x104 ./Drivers/STM32G0xx_HAL_Driver/Src/stm32g0xx_hal_rcc.o
                0x08005464                HAL_RCC_GetSysClockFreq
 .text.HAL_RCCEx_PeriphCLKConfig
                0x08005568      0x370 ./Drivers/STM32G0xx_HAL_Driver/Src/stm32g0xx_hal_rcc_ex.o
                0x08005568                HAL_RCCEx_PeriphCLKConfig
 .text.HAL_TIM_Base_Init
                0x080058d8       0xb0 ./Drivers/STM32G0xx_HAL_Driver/Src/stm32g0xx_hal_tim.o
                0x080058d8                HAL_TIM_Base_Init
 .text.HAL_TIM_Base_Start
                0x08005988       0xa8 ./Drivers/STM32G0xx_HAL_Driver/Src/stm32g0xx_hal_tim.o
                0x08005988                HAL_TIM_Base_Start
 .text.HAL_TIM_ConfigClockSource
                0x08005a30      0x1ac ./Drivers/STM32G0xx_HAL_Driver/Src/stm32g0xx_hal_tim.o
                0x08005a30                HAL_TIM_ConfigClockSource
 .text.TIM_Base_SetConfig
                0x08005bdc      0x114 ./Drivers/STM32G0xx_HAL_Driver/Src/stm32g0xx_hal_tim.o
                0x08005bdc                TIM_Base_SetConfig
 .text.TIM_TI1_ConfigInputStage
                0x08005cf0       0x9c ./Drivers/STM32G0xx_HAL_Driver/Src/stm32g0xx_hal_tim.o
 .text.TIM_TI2_ConfigInputStage
                0x08005d8c       0x7c ./Drivers/STM32G0xx_HAL_Driver/Src/stm32g0xx_hal_tim.o
 .text.TIM_ITRx_SetConfig
                0x08005e08       0x38 ./Drivers/STM32G0xx_HAL_Driver/Src/stm32g0xx_hal_tim.o
 .text.TIM_ETR_SetConfig
                0x08005e40       0x40 ./Drivers/STM32G0xx_HAL_Driver/Src/stm32g0xx_hal_tim.o
                0x08005e40                TIM_ETR_SetConfig
 .text.HAL_TIMEx_MasterConfigSynchronization
                0x08005e80       0xdc ./Drivers/STM32G0xx_HAL_Driver/Src/stm32g0xx_hal_tim_ex.o
                0x08005e80                HAL_TIMEx_MasterConfigSynchronization
 .text.snprintf
                0x08005f5c       0x68 C:/ST/STM32CubeIDE_1.16.1/STM32CubeIDE/plugins/com.st.stm32cube.ide.mcu.externaltools.gnu-tools-for-stm32.14.3.rel1.win32_1.0.100.202602081740/tools/bin/../lib/gcc/arm-none-eabi/14.3.1/../../../../arm-none-eabi/lib/thumb/v6-m/nofp\libc_nano.a(libc_a-snprintf.o)
                0x08005f5c                sniprintf
                0x08005f5c                snprintf
 .text.memset   0x08005fc4       0x10 C:/ST/STM32CubeIDE_1.16.1/STM32CubeIDE/plugins/com.st.stm32cube.ide.mcu.externaltools.gnu-tools-for-stm32.14.3.rel1.win32_1.0.100.202602081740/tools/bin/../lib/gcc/arm-none-eabi/14.3.1/../../../../arm-none-eabi/lib/thumb/v6-m/nofp\libc_nano.a(libc_a-memset.o)
                0x08005fc4                memset
 .text.__errno  0x08005fd4        0xc C:/ST/STM32CubeIDE_1.16.1/STM32CubeIDE/plugins/com.st.stm32cube.ide.mcu.externaltools.gnu-tools-for-stm32.14.3.rel1.win32_1.0.100.202602081740/tools/bin/../lib/gcc/arm-none-eabi/14.3.1/../../../../arm-none-eabi/lib/thumb/v6-m/nofp\libc_nano.a(libc_a-errno.o)
                0x08005fd4                __errno
 .text.__libc_init_array
                0x08005fe0       0x48 C:/ST/STM32CubeIDE_1.16.1/STM32CubeIDE/plugins/com.st.stm32cube.ide.mcu.externaltools.gnu-tools-for-stm32.14.3.rel1.win32_1.0.100.202602081740/tools/bin/../lib/gcc/arm-none-eabi/14.3.1/../../../../arm-none-eabi/lib/thumb/v6-m/nofp\libc_nano.a(libc_a-init.o)
                0x08005fe0                __libc_init_array
 .text.__retarget_lock_acquire_recursive
                0x08006028        0x2 C:/ST/STM32CubeIDE_1.16.1/STM32CubeIDE/plugins/com.st.stm32cube.ide.mcu.externaltools.gnu-tools-for-stm32.14.3.rel1.win32_1.0.100.202602081740/tools/bin/../lib/gcc/arm-none-eabi/14.3.1/../../../../arm-none-eabi/lib/thumb/v6-m/nofp\libc_nano.a(libc_a-lock.o)
                0x08006028                __retarget_lock_acquire_recursive
 .text.__retarget_lock_release_recursive
                0x0800602a        0x2 C:/ST/STM32CubeIDE_1.16.1/STM32CubeIDE/plugins/com.st.stm32cube.ide.mcu.externaltools.gnu-tools-for-stm32.14.3.rel1.win32_1.0.100.202602081740/tools/bin/../lib/gcc/arm-none-eabi/14.3.1/../../../../arm-none-eabi/lib/thumb/v6-m/nofp\libc_nano.a(libc_a-lock.o)
                0x0800602a                __retarget_lock_release_recursive
 .text.memcpy   0x0800602c       0x12 C:/ST/STM32CubeIDE_1.16.1/STM32CubeIDE/plugins/com.st.stm32cube.ide.mcu.externaltools.gnu-tools-for-stm32.14.3.rel1.win32_1.0.100.202602081740/tools/bin/../lib/gcc/arm-none-eabi/14.3.1/../../../../arm-none-eabi/lib/thumb/v6-m/nofp\libc_nano.a(libc_a-memcpy-stub.o)
                0x0800602c                memcpy
 *fill*         0x0800603e        0x2 
 .text._free_r  0x08006040       0x94 C:/ST/STM32CubeIDE_1.16.1/STM32CubeIDE/plugins/com.st.stm32cube.ide.mcu.externaltools.gnu-tools-for-stm32.14.3.rel1.win32_1.0.100.202602081740/tools/bin/../lib/gcc/arm-none-eabi/14.3.1/../../../../arm-none-eabi/lib/thumb/v6-m/nofp\libc_nano.a(libc_a-freer.o)
                0x08006040                _free_r
 .text.sbrk_aligned
                0x080060d4       0x44 C:/ST/STM32CubeIDE_1.16.1/STM32CubeIDE/plugins/com.st.stm32cube.ide.mcu.externaltools.gnu-tools-for-stm32.14.3.rel1.win32_1.0.100.202602081740/tools/bin/../lib/gcc/arm-none-eabi/14.3.1/../../../../arm-none-eabi/lib/thumb/v6-m/nofp\libc_nano.a(libc_a-mallocr.o)
 .text._malloc_r
                0x08006118      0x100 C:/ST/STM32CubeIDE_1.16.1/STM32CubeIDE/plugins/com.st.stm32cube.ide.mcu.externaltools.gnu-tools-for-stm32.14.3.rel1.win32_1.0.100.202602081740/tools/bin/../lib/gcc/arm-none-eabi/14.3.1/../../../../arm-none-eabi/lib/thumb/v6-m/nofp\libc_nano.a(libc_a-mallocr.o)
                0x08006118                _malloc_r
 .text.__malloc_lock
                0x08006218       0x10 C:/ST/STM32CubeIDE_1.16.1/STM32CubeIDE/plugins/com.st.stm32cube.ide.mcu.externaltools.gnu-tools-for-stm32.14.3.rel1.win32_1.0.100.202602081740/tools/bin/../lib/gcc/arm-none-eabi/14.3.1/../../../../arm-none-eabi/lib/thumb/v6-m/nofp\libc_nano.a(libc_a-mlock.o)
                0x08006218                __malloc_lock
 .text.__malloc_unlock
                0x08006228       0x10 C:/ST/STM32CubeIDE_1.16.1/STM32CubeIDE/plugins/com.st.stm32cube.ide.mcu.externaltools.gnu-tools-for-stm32.14.3.rel1.win32_1.0.100.202602081740/tools/bin/../lib/gcc/arm-none-eabi/14.3.1/../../../../arm-none-eabi/lib/thumb/v6-m/nofp\libc_nano.a(libc_a-mlock.o)
                0x08006228                __malloc_unlock
 .text.__ssputs_r
                0x08006238       0xc8 C:/ST/STM32CubeIDE_1.16.1/STM32CubeIDE/plugins/com.st.stm32cube.ide.mcu.externaltools.gnu-tools-for-stm32.14.3.rel1.win32_1.0.100.202602081740/tools/bin/../lib/gcc/arm-none-eabi/14.3.1/../../../../arm-none-eabi/lib/thumb/v6-m/nofp\libc_nano.a(libc_a-nano-svfprintf.o)
                0x08006238                __ssputs_r
 .text._svfprintf_r
                0x08006300      0x1f4 C:/ST/STM32CubeIDE_1.16.1/STM32CubeIDE/plugins/com.st.stm32cube.ide.mcu.externaltools.gnu-tools-for-stm32.14.3.rel1.win32_1.0.100.202602081740/tools/bin/../lib/gcc/arm-none-eabi/14.3.1/../../../../arm-none-eabi/lib/thumb/v6-m/nofp\libc_nano.a(libc_a-nano-svfprintf.o)
                0x08006300                _svfiprintf_r
                0x08006300                _svfprintf_r
 .text._printf_common
                0x080064f4       0xde C:/ST/STM32CubeIDE_1.16.1/STM32CubeIDE/plugins/com.st.stm32cube.ide.mcu.externaltools.gnu-tools-for-stm32.14.3.rel1.win32_1.0.100.202602081740/tools/bin/../lib/gcc/arm-none-eabi/14.3.1/../../../../arm-none-eabi/lib/thumb/v6-m/nofp\libc_nano.a(libc_a-nano-vfprintf_i.o)
                0x080064f4                _printf_common
 *fill*         0x080065d2        0x2 
 .text._printf_i
                0x080065d4      0x218 C:/ST/STM32CubeIDE_1.16.1/STM32CubeIDE/plugins/com.st.stm32cube.ide.mcu.externaltools.gnu-tools-for-stm32.14.3.rel1.win32_1.0.100.202602081740/tools/bin/../lib/gcc/arm-none-eabi/14.3.1/../../../../arm-none-eabi/lib/thumb/v6-m/nofp\libc_nano.a(libc_a-nano-vfprintf_i.o)
                0x080065d4                _printf_i
 .text.memmove  0x080067ec       0x24 C:/ST/STM32CubeIDE_1.16.1/STM32CubeIDE/plugins/com.st.stm32cube.ide.mcu.externaltools.gnu-tools-for-stm32.14.3.rel1.win32_1.0.100.202602081740/tools/bin/../lib/gcc/arm-none-eabi/14.3.1/../../../../arm-none-eabi/lib/thumb/v6-m/nofp\libc_nano.a(libc_a-memmove.o)
                0x080067ec                memmove
 .text._sbrk_r  0x08006810       0x24 C:/ST/STM32CubeIDE_1.16.1/STM32CubeIDE/plugins/com.st.stm32cube.ide.mcu.externaltools.gnu-tools-for-stm32.14.3.rel1.win32_1.0.100.202602081740/tools/bin/../lib/gcc/arm-none-eabi/14.3.1/../../../../arm-none-eabi/lib/thumb/v6-m/nofp\libc_nano.a(libc_a-sbrkr.o)
                0x08006810                _sbrk_r
 .text.memchr   0x08006834       0x16 C:/ST/STM32CubeIDE_1.16.1/STM32CubeIDE/plugins/com.st.stm32cube.ide.mcu.externaltools.gnu-tools-for-stm32.14.3.rel1.win32_1.0.100.202602081740/tools/bin/../lib/gcc/arm-none-eabi/14.3.1/../../../../arm-none-eabi/lib/thumb/v6-m/nofp\libc_nano.a(libc_a-memchr-stub.o)
                0x08006834                memchr
 .text._realloc_r
                0x0800684a       0x60 C:/ST/STM32CubeIDE_1.16.1/STM32CubeIDE/plugins/com.st.stm32cube.ide.mcu.externaltools.gnu-tools-for-stm32.14.3.rel1.win32_1.0.100.202602081740/tools/bin/../lib/gcc/arm-none-eabi/14.3.1/../../../../arm-none-eabi/lib/thumb/v6-m/nofp\libc_nano.a(libc_a-reallocr.o)
                0x0800684a                _realloc_r
 .text._malloc_usable_size_r
                0x080068aa       0x10 C:/ST/STM32CubeIDE_1.16.1/STM32CubeIDE/plugins/com.st.stm32cube.ide.mcu.externaltools.gnu-tools-for-stm32.14.3.rel1.win32_1.0.100.202602081740/tools/bin/../lib/gcc/arm-none-eabi/14.3.1/../../../../arm-none-eabi/lib/thumb/v6-m/nofp\libc_nano.a(libc_a-msizer.o)
                0x080068aa                _malloc_usable_size_r
 *(.glue_7)
 .glue_7        0x080068ba        0x0 linker stubs
 *(.glue_7t)
 .glue_7t       0x080068ba        0x0 linker stubs
 *(.eh_frame)
 *fill*         0x080068ba        0x2 
 .eh_frame      0x080068bc        0x0 C:/ST/STM32CubeIDE_1.16.1/STM32CubeIDE/plugins/com.st.stm32cube.ide.mcu.externaltools.gnu-tools-for-stm32.14.3.rel1.win32_1.0.100.202602081740/tools/bin/../lib/gcc/arm-none-eabi/14.3.1/thumb/v6-m/nofp/crtbegin.o
 *(.init)
 .init          0x080068bc        0x4 C:/ST/STM32CubeIDE_1.16.1/STM32CubeIDE/plugins/com.st.stm32cube.ide.mcu.externaltools.gnu-tools-for-stm32.14.3.rel1.win32_1.0.100.202602081740/tools/bin/../lib/gcc/arm-none-eabi/14.3.1/thumb/v6-m/nofp/crti.o
                0x080068bc                _init
 .init          0x080068c0        0x8 C:/ST/STM32CubeIDE_1.16.1/STM32CubeIDE/plugins/com.st.stm32cube.ide.mcu.externaltools.gnu-tools-for-stm32.14.3.rel1.win32_1.0.100.202602081740/tools/bin/../lib/gcc/arm-none-eabi/14.3.1/thumb/v6-m/nofp/crtn.o
 *(.fini)
 .fini          0x080068c8        0x4 C:/ST/STM32CubeIDE_1.16.1/STM32CubeIDE/plugins/com.st.stm32cube.ide.mcu.externaltools.gnu-tools-for-stm32.14.3.rel1.win32_1.0.100.202602081740/tools/bin/../lib/gcc/arm-none-eabi/14.3.1/thumb/v6-m/nofp/crti.o
                0x080068c8                _fini
 .fini          0x080068cc        0x8 C:/ST/STM32CubeIDE_1.16.1/STM32CubeIDE/plugins/com.st.stm32cube.ide.mcu.externaltools.gnu-tools-for-stm32.14.3.rel1.win32_1.0.100.202602081740/tools/bin/../lib/gcc/arm-none-eabi/14.3.1/thumb/v6-m/nofp/crtn.o
                0x080068d4                        . = ALIGN (0x4)
                0x080068d4                        _etext = .

.vfp11_veneer   0x080068d4        0x0
 .vfp11_veneer  0x080068d4        0x0 linker stubs

.v4_bx          0x080068d4        0x0
 .v4_bx         0x080068d4        0x0 linker stubs

.iplt           0x080068d4        0x0
 .iplt          0x080068d4        0x0 C:/ST/STM32CubeIDE_1.16.1/STM32CubeIDE/plugins/com.st.stm32cube.ide.mcu.externaltools.gnu-tools-for-stm32.14.3.rel1.win32_1.0.100.202602081740/tools/bin/../lib/gcc/arm-none-eabi/14.3.1/thumb/v6-m/nofp/crtbegin.o

.rodata         0x080068d4     0x27f0
                0x080068d4                        . = ALIGN (0x4)
 *(.rodata)
 .rodata        0x080068d4       0x44 ./Core/Src/main.o
 .rodata        0x08006918       0x7c C:/ST/STM32CubeIDE_1.16.1/STM32CubeIDE/plugins/com.st.stm32cube.ide.mcu.externaltools.gnu-tools-for-stm32.14.3.rel1.win32_1.0.100.202602081740/tools/bin/../lib/gcc/arm-none-eabi/14.3.1/thumb/v6-m/nofp\libgcc.a(divsf3.o)
 *(.rodata*)
 .rodata.AHBPrescTable
                0x08006994       0x40 ./Core/Src/system_stm32g0xx.o
                0x08006994                AHBPrescTable
 .rodata.Font7x10
                0x080069d4      0x76c ./Drivers/OLED/ssd1306_fonts.o
 .rodata.Font11x18
                0x08007140      0xd5c ./Drivers/OLED/ssd1306_fonts.o
 .rodata.Font16x24
                0x08007e9c     0x11d0 ./Drivers/OLED/ssd1306_fonts.o
 .rodata.Font_7x10
                0x0800906c        0xc ./Drivers/OLED/ssd1306_fonts.o
                0x0800906c                Font_7x10
 .rodata.Font_11x18
                0x08009078        0xc ./Drivers/OLED/ssd1306_fonts.o
                0x08009078                Font_11x18
 .rodata.Font_16x24
                0x08009084        0xc ./Drivers/OLED/ssd1306_fonts.o
                0x08009084                Font_16x24
 .rodata._svfprintf_r.str1.1
                0x08009090       0x33 C:/ST/STM32CubeIDE_1.16.1/STM32CubeIDE/plugins/com.st.stm32cube.ide.mcu.externaltools.gnu-tools-for-stm32.14.3.rel1.win32_1.0.100.202602081740/tools/bin/../lib/gcc/arm-none-eabi/14.3.1/../../../../arm-none-eabi/lib/thumb/v6-m/nofp\libc_nano.a(libc_a-nano-svfprintf.o)
                                 0x11 (size before relaxing)
 .rodata._printf_i.str1.1
                0x080090c3       0x22 C:/ST/STM32CubeIDE_1.16.1/STM32CubeIDE/plugins/com.st.stm32cube.ide.mcu.externaltools.gnu-tools-for-stm32.14.3.rel1.win32_1.0.100.202602081740/tools/bin/../lib/gcc/arm-none-eabi/14.3.1/../../../../arm-none-eabi/lib/thumb/v6-m/nofp\libc_nano.a(libc_a-nano-vfprintf_i.o)
                0x080090e8                        . = ALIGN (0x4)
 *fill*         0x080090c3        0x1 

.ARM.extab      0x080090c4        0x0
                0x080090c4                        . = ALIGN (0x4)
 *(.ARM.extab* .gnu.linkonce.armextab.*)
                0x080090c4                        . = ALIGN (0x4)

.ARM            0x080090c4        0x0
                0x080090c4                        . = ALIGN (0x4)
                0x080090c4                        __exidx_start = .
 *(.ARM.exidx*)
                0x080090c4                        __exidx_end = .
                0x080090c4                        . = ALIGN (0x4)

.preinit_array  0x080090c4        0x0
                0x080090c4                        . = ALIGN (0x4)
                0x080090c4                        PROVIDE (__preinit_array_start = .)
 *(.preinit_array*)
                0x080090c4                        PROVIDE (__preinit_array_end = .)
                0x080090c4                        . = ALIGN (0x4)

.init_array     0x080090c4        0x4
                0x080090c4                        . = ALIGN (0x4)
                0x080090c4                        PROVIDE (__init_array_start = .)
 *(SORT_BY_NAME(.init_array.*))
 *(.init_array*)
 .init_array    0x080090c4        0x4 C:/ST/STM32CubeIDE_1.16.1/STM32CubeIDE/plugins/com.st.stm32cube.ide.mcu.externaltools.gnu-tools-for-stm32.14.3.rel1.win32_1.0.100.202602081740/tools/bin/../lib/gcc/arm-none-eabi/14.3.1/thumb/v6-m/nofp/crtbegin.o
                0x080090c8                        PROVIDE (__init_array_end = .)
                0x080090c8                        . = ALIGN (0x4)

.fini_array     0x080090c8        0x4
                0x080090c8                        . = ALIGN (0x4)
                [!provide]                        PROVIDE (__fini_array_start = .)
 *(SORT_BY_NAME(.fini_array.*))
 *(.fini_array*)
 .fini_array    0x080090c8        0x4 C:/ST/STM32CubeIDE_1.16.1/STM32CubeIDE/plugins/com.st.stm32cube.ide.mcu.externaltools.gnu-tools-for-stm32.14.3.rel1.win32_1.0.100.202602081740/tools/bin/../lib/gcc/arm-none-eabi/14.3.1/thumb/v6-m/nofp/crtbegin.o
                [!provide]                        PROVIDE (__fini_array_end = .)
                0x080090cc                        . = ALIGN (0x4)
                0x080090cc                        _sidata = LOADADDR (.data)

.rel.dyn        0x080090cc        0x0
 .rel.iplt      0x080090cc        0x0 C:/ST/STM32CubeIDE_1.16.1/STM32CubeIDE/plugins/com.st.stm32cube.ide.mcu.externaltools.gnu-tools-for-stm32.14.3.rel1.win32_1.0.100.202602081740/tools/bin/../lib/gcc/arm-none-eabi/14.3.1/thumb/v6-m/nofp/crtbegin.o

.data           0x20000000       0x6c load address 0x080090cc
                0x20000000                        . = ALIGN (0x4)
                0x20000000                        _sdata = .
 *(.data)
 *(.data*)
 .data.sig_baseline
                0x20000000        0x4 ./Core/Src/main.o
                0x20000000                sig_baseline
 .data.sig_envelope
                0x20000004        0x4 ./Core/Src/main.o
                0x20000004                sig_envelope
 .data.prev_bpm_display
                0x20000008        0x4 ./Core/Src/main.o
                0x20000008                prev_bpm_display
 .data.prev_valid_display
                0x2000000c        0x1 ./Core/Src/main.o
                0x2000000c                prev_valid_display
 .data.prev_ihrd_display
                0x2000000d        0x1 ./Core/Src/main.o
                0x2000000d                prev_ihrd_display
 .data.prev_ihrd_alert
                0x2000000e        0x1 ./Core/Src/main.o
                0x2000000e                prev_ihrd_alert
 *fill*         0x2000000f        0x1 
 .data.SystemCoreClock
                0x20000010        0x4 ./Core/Src/system_stm32g0xx.o
                0x20000010                SystemCoreClock
 .data.uwTickPrio
                0x20000014        0x4 ./Drivers/STM32G0xx_HAL_Driver/Src/stm32g0xx_hal.o
                0x20000014                uwTickPrio
 .data.uwTickFreq
                0x20000018        0x1 ./Drivers/STM32G0xx_HAL_Driver/Src/stm32g0xx_hal.o
                0x20000018                uwTickFreq
 *fill*         0x20000019        0x3 
 .data._impure_ptr
                0x2000001c        0x4 C:/ST/STM32CubeIDE_1.16.1/STM32CubeIDE/plugins/com.st.stm32cube.ide.mcu.externaltools.gnu-tools-for-stm32.14.3.rel1.win32_1.0.100.202602081740/tools/bin/../lib/gcc/arm-none-eabi/14.3.1/../../../../arm-none-eabi/lib/thumb/v6-m/nofp\libc_nano.a(libc_a-impure.o)
                0x2000001c                _impure_ptr
 .data._impure_data
                0x20000020       0x4c C:/ST/STM32CubeIDE_1.16.1/STM32CubeIDE/plugins/com.st.stm32cube.ide.mcu.externaltools.gnu-tools-for-stm32.14.3.rel1.win32_1.0.100.202602081740/tools/bin/../lib/gcc/arm-none-eabi/14.3.1/../../../../arm-none-eabi/lib/thumb/v6-m/nofp\libc_nano.a(libc_a-impure.o)
                0x20000020                _impure_data
 *(.RamFunc)
 *(.RamFunc*)
                0x2000006c                        . = ALIGN (0x4)
                0x2000006c                        _edata = .

.igot.plt       0x2000006c        0x0 load address 0x08009138
 .igot.plt      0x2000006c        0x0 C:/ST/STM32CubeIDE_1.16.1/STM32CubeIDE/plugins/com.st.stm32cube.ide.mcu.externaltools.gnu-tools-for-stm32.14.3.rel1.win32_1.0.100.202602081740/tools/bin/../lib/gcc/arm-none-eabi/14.3.1/thumb/v6-m/nofp/crtbegin.o
                0x2000006c                        . = ALIGN (0x4)

.bss            0x2000006c      0x84c load address 0x08009138
                0x2000006c                        _sbss = .
                0x2000006c                        __bss_start__ = _sbss
 *(.bss)
 .bss           0x2000006c       0x1c C:/ST/STM32CubeIDE_1.16.1/STM32CubeIDE/plugins/com.st.stm32cube.ide.mcu.externaltools.gnu-tools-for-stm32.14.3.rel1.win32_1.0.100.202602081740/tools/bin/../lib/gcc/arm-none-eabi/14.3.1/thumb/v6-m/nofp/crtbegin.o
 *(.bss*)
 .bss.hadc1     0x20000088       0x64 ./Core/Src/adc.o
                0x20000088                hadc1
 .bss.hdma_adc1
                0x200000ec       0x5c ./Core/Src/adc.o
                0x200000ec                hdma_adc1
 .bss.hi2c1     0x20000148       0x54 ./Core/Src/i2c.o
                0x20000148                hi2c1
 .bss.adc_buffer
                0x2000019c      0x100 ./Core/Src/main.o
                0x2000019c                adc_buffer
 .bss.data_ready
                0x2000029c        0x1 ./Core/Src/main.o
                0x2000029c                data_ready
 *fill*         0x2000029d        0x1 
 .bss.adc_value
                0x2000029e        0x2 ./Core/Src/main.o
                0x2000029e                adc_value
 .bss.sample_count
                0x200002a0        0x4 ./Core/Src/main.o
                0x200002a0                sample_count
 .bss.last_peak_sample
                0x200002a4        0x4 ./Core/Src/main.o
                0x200002a4                last_peak_sample
 .bss.last_display_update
                0x200002a8        0x4 ./Core/Src/main.o
                0x200002a8                last_display_update
 .bss.last_beat_flash_ms
                0x200002ac        0x4 ./Core/Src/main.o
                0x200002ac                last_beat_flash_ms
 .bss.bpm       0x200002b0        0x4 ./Core/Src/main.o
                0x200002b0                bpm
 .bss.bpm_avg   0x200002b4        0x4 ./Core/Src/main.o
                0x200002b4                bpm_avg
 .bss.signal_valid
                0x200002b8        0x1 ./Core/Src/main.o
                0x200002b8                signal_valid
 *fill*         0x200002b9        0x3 
 .bss.hp        0x200002bc        0x4 ./Core/Src/main.o
                0x200002bc                hp
 .bss.lp        0x200002c0        0x4 ./Core/Src/main.o
                0x200002c0                lp
 .bss.ppg_signal
                0x200002c4        0x4 ./Core/Src/main.o
                0x200002c4                ppg_signal
 .bss.prev_input
                0x200002c8        0x4 ./Core/Src/main.o
                0x200002c8                prev_input
 .bss.sig_history
                0x200002cc       0x14 ./Core/Src/main.o
                0x200002cc                sig_history
 .bss.hrm       0x200002e0       0x28 ./Core/Src/main.o
                0x200002e0                hrm
 .bss.ihrd_alert_active
                0x20000308        0x1 ./Core/Src/main.o
                0x20000308                ihrd_alert_active
 *fill*         0x20000309        0x3 
 .bss.last_btn_press_ms
                0x2000030c        0x4 ./Core/Src/main.o
                0x2000030c                last_btn_press_ms
 .bss.btn_stable.1
                0x20000310        0x1 ./Core/Src/main.o
 .bss.btn_pressed.0
                0x20000311        0x1 ./Core/Src/main.o
 *fill*         0x20000312        0x2 
 .bss.__sbrk_heap_end
                0x20000314        0x4 ./Core/Src/sysmem.o
 .bss.htim3     0x20000318       0x4c ./Core/Src/tim.o
                0x20000318                htim3
 .bss.SSD1306_Buffer
                0x20000364      0x400 ./Drivers/OLED/ssd1306.o
 .bss.SSD1306   0x20000764        0x6 ./Drivers/OLED/ssd1306.o
 *fill*         0x2000076a        0x2 
 .bss.uwTick    0x2000076c        0x4 ./Drivers/STM32G0xx_HAL_Driver/Src/stm32g0xx_hal.o
                0x2000076c                uwTick
 .bss.__sf      0x20000770      0x138 C:/ST/STM32CubeIDE_1.16.1/STM32CubeIDE/plugins/com.st.stm32cube.ide.mcu.externaltools.gnu-tools-for-stm32.14.3.rel1.win32_1.0.100.202602081740/tools/bin/../lib/gcc/arm-none-eabi/14.3.1/../../../../arm-none-eabi/lib/thumb/v6-m/nofp\libc_nano.a(libc_a-findfp.o)
                0x20000770                __sf
 .bss.errno     0x200008a8        0x4 C:/ST/STM32CubeIDE_1.16.1/STM32CubeIDE/plugins/com.st.stm32cube.ide.mcu.externaltools.gnu-tools-for-stm32.14.3.rel1.win32_1.0.100.202602081740/tools/bin/../lib/gcc/arm-none-eabi/14.3.1/../../../../arm-none-eabi/lib/thumb/v6-m/nofp\libc_nano.a(libc_a-reent.o)
                0x200008a8                errno
 .bss.__lock___malloc_recursive_mutex
                0x200008ac        0x1 C:/ST/STM32CubeIDE_1.16.1/STM32CubeIDE/plugins/com.st.stm32cube.ide.mcu.externaltools.gnu-tools-for-stm32.14.3.rel1.win32_1.0.100.202602081740/tools/bin/../lib/gcc/arm-none-eabi/14.3.1/../../../../arm-none-eabi/lib/thumb/v6-m/nofp\libc_nano.a(libc_a-lock.o)
                0x200008ac                __lock___malloc_recursive_mutex
 *fill*         0x200008ad        0x3 
 .bss.__malloc_sbrk_start
                0x200008b0        0x4 C:/ST/STM32CubeIDE_1.16.1/STM32CubeIDE/plugins/com.st.stm32cube.ide.mcu.externaltools.gnu-tools-for-stm32.14.3.rel1.win32_1.0.100.202602081740/tools/bin/../lib/gcc/arm-none-eabi/14.3.1/../../../../arm-none-eabi/lib/thumb/v6-m/nofp\libc_nano.a(libc_a-mallocr.o)
                0x200008b0                __malloc_sbrk_start
 .bss.__malloc_free_list
                0x200008b4        0x4 C:/ST/STM32CubeIDE_1.16.1/STM32CubeIDE/plugins/com.st.stm32cube.ide.mcu.externaltools.gnu-tools-for-stm32.14.3.rel1.win32_1.0.100.202602081740/tools/bin/../lib/gcc/arm-none-eabi/14.3.1/../../../../arm-none-eabi/lib/thumb/v6-m/nofp\libc_nano.a(libc_a-mallocr.o)
                0x200008b4                __malloc_free_list
 *(COMMON)
                0x200008b8                        . = ALIGN (0x4)
                0x200008b8                        _ebss = .
                0x200008b8                        __bss_end__ = _ebss

._user_heap_stack
                0x200008b8      0x800 load address 0x08009138
                0x200008b8                        . = ALIGN (0x8)
                [!provide]                        PROVIDE (end = .)
                0x200008b8                        PROVIDE (_end = .)
                0x20000cb8                        . = (. + _Min_Heap_Size)
 *fill*         0x200008b8      0x400 
                0x200010b8                        . = (. + _Min_Stack_Size)
 *fill*         0x20000cb8      0x400 
                0x200010b8                        . = ALIGN (0x8)

/DISCARD/
 libc.a(*)
 libm.a(*)
 libgcc.a(*)

.ARM.attributes
                0x00000000       0x28
 *(.ARM.attributes)
 .ARM.attributes
                0x00000000       0x1e C:/ST/STM32CubeIDE_1.16.1/STM32CubeIDE/plugins/com.st.stm32cube.ide.mcu.externaltools.gnu-tools-for-stm32.14.3.rel1.win32_1.0.100.202602081740/tools/bin/../lib/gcc/arm-none-eabi/14.3.1/thumb/v6-m/nofp/crti.o
 .ARM.attributes
                0x0000001e       0x2c C:/ST/STM32CubeIDE_1.16.1/STM32CubeIDE/plugins/com.st.stm32cube.ide.mcu.externaltools.gnu-tools-for-stm32.14.3.rel1.win32_1.0.100.202602081740/tools/bin/../lib/gcc/arm-none-eabi/14.3.1/thumb/v6-m/nofp/crtbegin.o
 .ARM.attributes
                0x0000004a       0x2c ./Core/Src/IHRD.o
 .ARM.attributes
                0x00000076       0x2c ./Core/Src/adc.o
 .ARM.attributes
                0x000000a2       0x2c ./Core/Src/dma.o
 .ARM.attributes
                0x000000ce       0x2c ./Core/Src/gpio.o
 .ARM.attributes
                0x000000fa       0x2c ./Core/Src/i2c.o
 .ARM.attributes
                0x00000126       0x2c ./Core/Src/main.o
 .ARM.attributes
                0x00000152       0x2c ./Core/Src/stm32g0xx_hal_msp.o
 .ARM.attributes
                0x0000017e       0x2c ./Core/Src/stm32g0xx_it.o
 .ARM.attributes
                0x000001aa       0x2c ./Core/Src/sysmem.o
 .ARM.attributes
                0x000001d6       0x2c ./Core/Src/system_stm32g0xx.o
 .ARM.attributes
                0x00000202       0x2c ./Core/Src/tim.o
 .ARM.attributes
                0x0000022e       0x22 ./Core/Startup/startup_stm32g071gbux.o
 .ARM.attributes
                0x00000250       0x2c ./Drivers/OLED/ssd1306.o
 .ARM.attributes
                0x0000027c       0x2c ./Drivers/OLED/ssd1306_fonts.o
 .ARM.attributes
                0x000002a8       0x2c ./Drivers/STM32G0xx_HAL_Driver/Src/stm32g0xx_hal.o
 .ARM.attributes
                0x000002d4       0x2c ./Drivers/STM32G0xx_HAL_Driver/Src/stm32g0xx_hal_adc.o
 .ARM.attributes
                0x00000300       0x2c ./Drivers/STM32G0xx_HAL_Driver/Src/stm32g0xx_hal_cortex.o
 .ARM.attributes
                0x0000032c       0x2c ./Drivers/STM32G0xx_HAL_Driver/Src/stm32g0xx_hal_dma.o
 .ARM.attributes
                0x00000358       0x2c ./Drivers/STM32G0xx_HAL_Driver/Src/stm32g0xx_hal_gpio.o
 .ARM.attributes
                0x00000384       0x2c ./Drivers/STM32G0xx_HAL_Driver/Src/stm32g0xx_hal_i2c.o
 .ARM.attributes
                0x000003b0       0x2c ./Drivers/STM32G0xx_HAL_Driver/Src/stm32g0xx_hal_i2c_ex.o
 .ARM.attributes
                0x000003dc       0x2c ./Drivers/STM32G0xx_HAL_Driver/Src/stm32g0xx_hal_pwr_ex.o
 .ARM.attributes
                0x00000408       0x2c ./Drivers/STM32G0xx_HAL_Driver/Src/stm32g0xx_hal_rcc.o
 .ARM.attributes
                0x00000434       0x2c ./Drivers/STM32G0xx_HAL_Driver/Src/stm32g0xx_hal_rcc_ex.o
 .ARM.attributes
                0x00000460       0x2c ./Drivers/STM32G0xx_HAL_Driver/Src/stm32g0xx_hal_tim.o
 .ARM.attributes
                0x0000048c       0x2c ./Drivers/STM32G0xx_HAL_Driver/Src/stm32g0xx_hal_tim_ex.o
 .ARM.attributes
                0x000004b8       0x2c C:/ST/STM32CubeIDE_1.16.1/STM32CubeIDE/plugins/com.st.stm32cube.ide.mcu.externaltools.gnu-tools-for-stm32.14.3.rel1.win32_1.0.100.202602081740/tools/bin/../lib/gcc/arm-none-eabi/14.3.1/../../../../arm-none-eabi/lib/thumb/v6-m/nofp\libc_nano.a(libc_a-findfp.o)
 .ARM.attributes
                0x000004e4       0x2c C:/ST/STM32CubeIDE_1.16.1/STM32CubeIDE/plugins/com.st.stm32cube.ide.mcu.externaltools.gnu-tools-for-stm32.14.3.rel1.win32_1.0.100.202602081740/tools/bin/../lib/gcc/arm-none-eabi/14.3.1/../../../../arm-none-eabi/lib/thumb/v6-m/nofp\libc_nano.a(libc_a-snprintf.o)
 .ARM.attributes
                0x00000510       0x2c C:/ST/STM32CubeIDE_1.16.1/STM32CubeIDE/plugins/com.st.stm32cube.ide.mcu.externaltools.gnu-tools-for-stm32.14.3.rel1.win32_1.0.100.202602081740/tools/bin/../lib/gcc/arm-none-eabi/14.3.1/../../../../arm-none-eabi/lib/thumb/v6-m/nofp\libc_nano.a(libc_a-memset.o)
 .ARM.attributes
                0x0000053c       0x2c C:/ST/STM32CubeIDE_1.16.1/STM32CubeIDE/plugins/com.st.stm32cube.ide.mcu.externaltools.gnu-tools-for-stm32.14.3.rel1.win32_1.0.100.202602081740/tools/bin/../lib/gcc/arm-none-eabi/14.3.1/../../../../arm-none-eabi/lib/thumb/v6-m/nofp\libc_nano.a(libc_a-reent.o)
 .ARM.attributes
                0x00000568       0x2c C:/ST/STM32CubeIDE_1.16.1/STM32CubeIDE/plugins/com.st.stm32cube.ide.mcu.externaltools.gnu-tools-for-stm32.14.3.rel1.win32_1.0.100.202602081740/tools/bin/../lib/gcc/arm-none-eabi/14.3.1/../../../../arm-none-eabi/lib/thumb/v6-m/nofp\libc_nano.a(libc_a-impure.o)
 .ARM.attributes
                0x00000594       0x2c C:/ST/STM32CubeIDE_1.16.1/STM32CubeIDE/plugins/com.st.stm32cube.ide.mcu.externaltools.gnu-tools-for-stm32.14.3.rel1.win32_1.0.100.202602081740/tools/bin/../lib/gcc/arm-none-eabi/14.3.1/../../../../arm-none-eabi/lib/thumb/v6-m/nofp\libc_nano.a(libc_a-errno.o)
 .ARM.attributes
                0x000005c0       0x2c C:/ST/STM32CubeIDE_1.16.1/STM32CubeIDE/plugins/com.st.stm32cube.ide.mcu.externaltools.gnu-tools-for-stm32.14.3.rel1.win32_1.0.100.202602081740/tools/bin/../lib/gcc/arm-none-eabi/14.3.1/../../../../arm-none-eabi/lib/thumb/v6-m/nofp\libc_nano.a(libc_a-init.o)
 .ARM.attributes
                0x000005ec       0x2c C:/ST/STM32CubeIDE_1.16.1/STM32CubeIDE/plugins/com.st.stm32cube.ide.mcu.externaltools.gnu-tools-for-stm32.14.3.rel1.win32_1.0.100.202602081740/tools/bin/../lib/gcc/arm-none-eabi/14.3.1/../../../../arm-none-eabi/lib/thumb/v6-m/nofp\libc_nano.a(libc_a-lock.o)
 .ARM.attributes
                0x00000618       0x2c C:/ST/STM32CubeIDE_1.16.1/STM32CubeIDE/plugins/com.st.stm32cube.ide.mcu.externaltools.gnu-tools-for-stm32.14.3.rel1.win32_1.0.100.202602081740/tools/bin/../lib/gcc/arm-none-eabi/14.3.1/../../../../arm-none-eabi/lib/thumb/v6-m/nofp\libc_nano.a(libc_a-memcpy-stub.o)
 .ARM.attributes
                0x00000644       0x2c C:/ST/STM32CubeIDE_1.16.1/STM32CubeIDE/plugins/com.st.stm32cube.ide.mcu.externaltools.gnu-tools-for-stm32.14.3.rel1.win32_1.0.100.202602081740/tools/bin/../lib/gcc/arm-none-eabi/14.3.1/../../../../arm-none-eabi/lib/thumb/v6-m/nofp\libc_nano.a(libc_a-freer.o)
 .ARM.attributes
                0x00000670       0x2c C:/ST/STM32CubeIDE_1.16.1/STM32CubeIDE/plugins/com.st.stm32cube.ide.mcu.externaltools.gnu-tools-for-stm32.14.3.rel1.win32_1.0.100.202602081740/tools/bin/../lib/gcc/arm-none-eabi/14.3.1/../../../../arm-none-eabi/lib/thumb/v6-m/nofp\libc_nano.a(libc_a-mallocr.o)
 .ARM.attributes
                0x0000069c       0x2c C:/ST/STM32CubeIDE_1.16.1/STM32CubeIDE/plugins/com.st.stm32cube.ide.mcu.externaltools.gnu-tools-for-stm32.14.3.rel1.win32_1.0.100.202602081740/tools/bin/../lib/gcc/arm-none-eabi/14.3.1/../../../../arm-none-eabi/lib/thumb/v6-m/nofp\libc_nano.a(libc_a-mlock.o)
 .ARM.attributes
                0x000006c8       0x2c C:/ST/STM32CubeIDE_1.16.1/STM32CubeIDE/plugins/com.st.stm32cube.ide.mcu.externaltools.gnu-tools-for-stm32.14.3.rel1.win32_1.0.100.202602081740/tools/bin/../lib/gcc/arm-none-eabi/14.3.1/../../../../arm-none-eabi/lib/thumb/v6-m/nofp\libc_nano.a(libc_a-nano-svfprintf.o)
 .ARM.attributes
                0x000006f4       0x2c C:/ST/STM32CubeIDE_1.16.1/STM32CubeIDE/plugins/com.st.stm32cube.ide.mcu.externaltools.gnu-tools-for-stm32.14.3.rel1.win32_1.0.100.202602081740/tools/bin/../lib/gcc/arm-none-eabi/14.3.1/../../../../arm-none-eabi/lib/thumb/v6-m/nofp\libc_nano.a(libc_a-nano-vfprintf_i.o)
 .ARM.attributes
                0x00000720       0x2c C:/ST/STM32CubeIDE_1.16.1/STM32CubeIDE/plugins/com.st.stm32cube.ide.mcu.externaltools.gnu-tools-for-stm32.14.3.rel1.win32_1.0.100.202602081740/tools/bin/../lib/gcc/arm-none-eabi/14.3.1/../../../../arm-none-eabi/lib/thumb/v6-m/nofp\libc_nano.a(libc_a-memmove.o)
 .ARM.attributes
                0x0000074c       0x2c C:/ST/STM32CubeIDE_1.16.1/STM32CubeIDE/plugins/com.st.stm32cube.ide.mcu.externaltools.gnu-tools-for-stm32.14.3.rel1.win32_1.0.100.202602081740/tools/bin/../lib/gcc/arm-none-eabi/14.3.1/../../../../arm-none-eabi/lib/thumb/v6-m/nofp\libc_nano.a(libc_a-sbrkr.o)
 .ARM.attributes
                0x00000778       0x2c C:/ST/STM32CubeIDE_1.16.1/STM32CubeIDE/plugins/com.st.stm32cube.ide.mcu.externaltools.gnu-tools-for-stm32.14.3.rel1.win32_1.0.100.202602081740/tools/bin/../lib/gcc/arm-none-eabi/14.3.1/../../../../arm-none-eabi/lib/thumb/v6-m/nofp\libc_nano.a(libc_a-memchr-stub.o)
 .ARM.attributes
                0x000007a4       0x2c C:/ST/STM32CubeIDE_1.16.1/STM32CubeIDE/plugins/com.st.stm32cube.ide.mcu.externaltools.gnu-tools-for-stm32.14.3.rel1.win32_1.0.100.202602081740/tools/bin/../lib/gcc/arm-none-eabi/14.3.1/../../../../arm-none-eabi/lib/thumb/v6-m/nofp\libc_nano.a(libc_a-reallocr.o)
 .ARM.attributes
                0x000007d0       0x2c C:/ST/STM32CubeIDE_1.16.1/STM32CubeIDE/plugins/com.st.stm32cube.ide.mcu.externaltools.gnu-tools-for-stm32.14.3.rel1.win32_1.0.100.202602081740/tools/bin/../lib/gcc/arm-none-eabi/14.3.1/../../../../arm-none-eabi/lib/thumb/v6-m/nofp\libc_nano.a(libc_a-msizer.o)
 .ARM.attributes
                0x000007fc       0x1e C:/ST/STM32CubeIDE_1.16.1/STM32CubeIDE/plugins/com.st.stm32cube.ide.mcu.externaltools.gnu-tools-for-stm32.14.3.rel1.win32_1.0.100.202602081740/tools/bin/../lib/gcc/arm-none-eabi/14.3.1/thumb/v6-m/nofp\libgcc.a(_thumb1_case_shi.o)
 .ARM.attributes
                0x0000081a       0x1e C:/ST/STM32CubeIDE_1.16.1/STM32CubeIDE/plugins/com.st.stm32cube.ide.mcu.externaltools.gnu-tools-for-stm32.14.3.rel1.win32_1.0.100.202602081740/tools/bin/../lib/gcc/arm-none-eabi/14.3.1/thumb/v6-m/nofp\libgcc.a(_udivsi3.o)
 .ARM.attributes
                0x00000838       0x1e C:/ST/STM32CubeIDE_1.16.1/STM32CubeIDE/plugins/com.st.stm32cube.ide.mcu.externaltools.gnu-tools-for-stm32.14.3.rel1.win32_1.0.100.202602081740/tools/bin/../lib/gcc/arm-none-eabi/14.3.1/thumb/v6-m/nofp\libgcc.a(_dvmd_tls.o)
 .ARM.attributes
                0x00000856       0x1e C:/ST/STM32CubeIDE_1.16.1/STM32CubeIDE/plugins/com.st.stm32cube.ide.mcu.externaltools.gnu-tools-for-stm32.14.3.rel1.win32_1.0.100.202602081740/tools/bin/../lib/gcc/arm-none-eabi/14.3.1/thumb/v6-m/nofp\libgcc.a(_arm_cmpsf2.o)
 .ARM.attributes
                0x00000874       0x2c C:/ST/STM32CubeIDE_1.16.1/STM32CubeIDE/plugins/com.st.stm32cube.ide.mcu.externaltools.gnu-tools-for-stm32.14.3.rel1.win32_1.0.100.202602081740/tools/bin/../lib/gcc/arm-none-eabi/14.3.1/thumb/v6-m/nofp\libgcc.a(_fixunssfsi.o)
 .ARM.attributes
                0x000008a0       0x2c C:/ST/STM32CubeIDE_1.16.1/STM32CubeIDE/plugins/com.st.stm32cube.ide.mcu.externaltools.gnu-tools-for-stm32.14.3.rel1.win32_1.0.100.202602081740/tools/bin/../lib/gcc/arm-none-eabi/14.3.1/thumb/v6-m/nofp\libgcc.a(addsf3.o)
 .ARM.attributes
                0x000008cc       0x2c C:/ST/STM32CubeIDE_1.16.1/STM32CubeIDE/plugins/com.st.stm32cube.ide.mcu.externaltools.gnu-tools-for-stm32.14.3.rel1.win32_1.0.100.202602081740/tools/bin/../lib/gcc/arm-none-eabi/14.3.1/thumb/v6-m/nofp\libgcc.a(divsf3.o)
 .ARM.attributes
                0x000008f8       0x2c C:/ST/STM32CubeIDE_1.16.1/STM32CubeIDE/plugins/com.st.stm32cube.ide.mcu.externaltools.gnu-tools-for-stm32.14.3.rel1.win32_1.0.100.202602081740/tools/bin/../lib/gcc/arm-none-eabi/14.3.1/thumb/v6-m/nofp\libgcc.a(eqsf2.o)
 .ARM.attributes
                0x00000924       0x2c C:/ST/STM32CubeIDE_1.16.1/STM32CubeIDE/plugins/com.st.stm32cube.ide.mcu.externaltools.gnu-tools-for-stm32.14.3.rel1.win32_1.0.100.202602081740/tools/bin/../lib/gcc/arm-none-eabi/14.3.1/thumb/v6-m/nofp\libgcc.a(gesf2.o)
 .ARM.attributes
                0x00000950       0x2c C:/ST/STM32CubeIDE_1.16.1/STM32CubeIDE/plugins/com.st.stm32cube.ide.mcu.externaltools.gnu-tools-for-stm32.14.3.rel1.win32_1.0.100.202602081740/tools/bin/../lib/gcc/arm-none-eabi/14.3.1/thumb/v6-m/nofp\libgcc.a(lesf2.o)
 .ARM.attributes
                0x0000097c       0x2c C:/ST/STM32CubeIDE_1.16.1/STM32CubeIDE/plugins/com.st.stm32cube.ide.mcu.externaltools.gnu-tools-for-stm32.14.3.rel1.win32_1.0.100.202602081740/tools/bin/../lib/gcc/arm-none-eabi/14.3.1/thumb/v6-m/nofp\libgcc.a(mulsf3.o)
 .ARM.attributes
                0x000009a8       0x2c C:/ST/STM32CubeIDE_1.16.1/STM32CubeIDE/plugins/com.st.stm32cube.ide.mcu.externaltools.gnu-tools-for-stm32.14.3.rel1.win32_1.0.100.202602081740/tools/bin/../lib/gcc/arm-none-eabi/14.3.1/thumb/v6-m/nofp\libgcc.a(subsf3.o)
 .ARM.attributes
                0x000009d4       0x2c C:/ST/STM32CubeIDE_1.16.1/STM32CubeIDE/plugins/com.st.stm32cube.ide.mcu.externaltools.gnu-tools-for-stm32.14.3.rel1.win32_1.0.100.202602081740/tools/bin/../lib/gcc/arm-none-eabi/14.3.1/thumb/v6-m/nofp\libgcc.a(fixsfsi.o)
 .ARM.attributes
                0x00000a00       0x2c C:/ST/STM32CubeIDE_1.16.1/STM32CubeIDE/plugins/com.st.stm32cube.ide.mcu.externaltools.gnu-tools-for-stm32.14.3.rel1.win32_1.0.100.202602081740/tools/bin/../lib/gcc/arm-none-eabi/14.3.1/thumb/v6-m/nofp\libgcc.a(floatsisf.o)
 .ARM.attributes
                0x00000a2c       0x2c C:/ST/STM32CubeIDE_1.16.1/STM32CubeIDE/plugins/com.st.stm32cube.ide.mcu.externaltools.gnu-tools-for-stm32.14.3.rel1.win32_1.0.100.202602081740/tools/bin/../lib/gcc/arm-none-eabi/14.3.1/thumb/v6-m/nofp\libgcc.a(floatunsisf.o)
 .ARM.attributes
                0x00000a58       0x1e C:/ST/STM32CubeIDE_1.16.1/STM32CubeIDE/plugins/com.st.stm32cube.ide.mcu.externaltools.gnu-tools-for-stm32.14.3.rel1.win32_1.0.100.202602081740/tools/bin/../lib/gcc/arm-none-eabi/14.3.1/thumb/v6-m/nofp\libgcc.a(_clzsi2.o)
 .ARM.attributes
                0x00000a76       0x1e C:/ST/STM32CubeIDE_1.16.1/STM32CubeIDE/plugins/com.st.stm32cube.ide.mcu.externaltools.gnu-tools-for-stm32.14.3.rel1.win32_1.0.100.202602081740/tools/bin/../lib/gcc/arm-none-eabi/14.3.1/thumb/v6-m/nofp/crtn.o
OUTPUT(PHRM_PCB.elf elf32-littlearm)
LOAD linker stubs
LOAD C:/ST/STM32CubeIDE_1.16.1/STM32CubeIDE/plugins/com.st.stm32cube.ide.mcu.externaltools.gnu-tools-for-stm32.14.3.rel1.win32_1.0.100.202602081740/tools/bin/../lib/gcc/arm-none-eabi/14.3.1/../../../../arm-none-eabi/lib/thumb/v6-m/nofp\libc.a
LOAD C:/ST/STM32CubeIDE_1.16.1/STM32CubeIDE/plugins/com.st.stm32cube.ide.mcu.externaltools.gnu-tools-for-stm32.14.3.rel1.win32_1.0.100.202602081740/tools/bin/../lib/gcc/arm-none-eabi/14.3.1/../../../../arm-none-eabi/lib/thumb/v6-m/nofp\libm.a
LOAD C:/ST/STM32CubeIDE_1.16.1/STM32CubeIDE/plugins/com.st.stm32cube.ide.mcu.externaltools.gnu-tools-for-stm32.14.3.rel1.win32_1.0.100.202602081740/tools/bin/../lib/gcc/arm-none-eabi/14.3.1/thumb/v6-m/nofp\libgcc.a

.debug_info     0x00000000    0x12312
 .debug_info    0x00000000      0x25b ./Core/Src/IHRD.o
 .debug_info    0x0000025b      0xb8a ./Core/Src/adc.o
 .debug_info    0x00000de5      0x365 ./Core/Src/dma.o
 .debug_info    0x0000114a      0x3fc ./Core/Src/gpio.o
 .debug_info    0x00001546      0xb6f ./Core/Src/i2c.o
 .debug_info    0x000020b5     0x143d ./Core/Src/main.o
 .debug_info    0x000034f2      0x265 ./Core/Src/stm32g0xx_hal_msp.o
 .debug_info    0x00003757      0x444 ./Core/Src/stm32g0xx_it.o
 .debug_info    0x00003b9b      0x168 ./Core/Src/sysmem.o
 .debug_info    0x00003d03      0x316 ./Core/Src/system_stm32g0xx.o
 .debug_info    0x00004019      0xaa9 ./Core/Src/tim.o
 .debug_info    0x00004ac2       0x30 ./Core/Startup/startup_stm32g071gbux.o
 .debug_info    0x00004af2     0x136d ./Drivers/OLED/ssd1306.o
 .debug_info    0x00005e5f      0x2d1 ./Drivers/OLED/ssd1306_fonts.o
 .debug_info    0x00006130      0xa34 ./Drivers/STM32G0xx_HAL_Driver/Src/stm32g0xx_hal.o
 .debug_info    0x00006b64     0x1581 ./Drivers/STM32G0xx_HAL_Driver/Src/stm32g0xx_hal_adc.o
 .debug_info    0x000080e5      0x8d9 ./Drivers/STM32G0xx_HAL_Driver/Src/stm32g0xx_hal_cortex.o
 .debug_info    0x000089be      0x860 ./Drivers/STM32G0xx_HAL_Driver/Src/stm32g0xx_hal_dma.o
 .debug_info    0x0000921e      0x5c8 ./Drivers/STM32G0xx_HAL_Driver/Src/stm32g0xx_hal_gpio.o
 .debug_info    0x000097e6     0x21d7 ./Drivers/STM32G0xx_HAL_Driver/Src/stm32g0xx_hal_i2c.o
 .debug_info    0x0000b9bd      0xa09 ./Drivers/STM32G0xx_HAL_Driver/Src/stm32g0xx_hal_i2c_ex.o
 .debug_info    0x0000c3c6      0x7c6 ./Drivers/STM32G0xx_HAL_Driver/Src/stm32g0xx_hal_pwr_ex.o
 .debug_info    0x0000cb8c      0xb34 ./Drivers/STM32G0xx_HAL_Driver/Src/stm32g0xx_hal_rcc.o
 .debug_info    0x0000d6c0      0x792 ./Drivers/STM32G0xx_HAL_Driver/Src/stm32g0xx_hal_rcc_ex.o
 .debug_info    0x0000de52     0x2be6 ./Drivers/STM32G0xx_HAL_Driver/Src/stm32g0xx_hal_tim.o
 .debug_info    0x00010a38     0x18da ./Drivers/STM32G0xx_HAL_Driver/Src/stm32g0xx_hal_tim_ex.o

.debug_abbrev   0x00000000     0x31c5
 .debug_abbrev  0x00000000      0x134 ./Core/Src/IHRD.o
 .debug_abbrev  0x00000134      0x203 ./Core/Src/adc.o
 .debug_abbrev  0x00000337      0x115 ./Core/Src/dma.o
 .debug_abbrev  0x0000044c      0x158 ./Core/Src/gpio.o
 .debug_abbrev  0x000005a4      0x21a ./Core/Src/i2c.o
 .debug_abbrev  0x000007be      0x2de ./Core/Src/main.o
 .debug_abbrev  0x00000a9c       0xdd ./Core/Src/stm32g0xx_hal_msp.o
 .debug_abbrev  0x00000b79      0x1a8 ./Core/Src/stm32g0xx_it.o
 .debug_abbrev  0x00000d21       0xbc ./Core/Src/sysmem.o
 .debug_abbrev  0x00000ddd      0x119 ./Core/Src/system_stm32g0xx.o
 .debug_abbrev  0x00000ef6      0x1e6 ./Core/Src/tim.o
 .debug_abbrev  0x000010dc       0x24 ./Core/Startup/startup_stm32g071gbux.o
 .debug_abbrev  0x00001100      0x366 ./Drivers/OLED/ssd1306.o
 .debug_abbrev  0x00001466       0xcd ./Drivers/OLED/ssd1306_fonts.o
 .debug_abbrev  0x00001533      0x2b2 ./Drivers/STM32G0xx_HAL_Driver/Src/stm32g0xx_hal.o
 .debug_abbrev  0x000017e5      0x277 ./Drivers/STM32G0xx_HAL_Driver/Src/stm32g0xx_hal_adc.o
 .debug_abbrev  0x00001a5c      0x2ab ./Drivers/STM32G0xx_HAL_Driver/Src/stm32g0xx_hal_cortex.o
 .debug_abbrev  0x00001d07      0x22b ./Drivers/STM32G0xx_HAL_Driver/Src/stm32g0xx_hal_dma.o
 .debug_abbrev  0x00001f32      0x1c8 ./Drivers/STM32G0xx_HAL_Driver/Src/stm32g0xx_hal_gpio.o
 .debug_abbrev  0x000020fa      0x291 ./Drivers/STM32G0xx_HAL_Driver/Src/stm32g0xx_hal_i2c.o
 .debug_abbrev  0x0000238b      0x1e6 ./Drivers/STM32G0xx_HAL_Driver/Src/stm32g0xx_hal_i2c_ex.o
 .debug_abbrev  0x00002571      0x238 ./Drivers/STM32G0xx_HAL_Driver/Src/stm32g0xx_hal_pwr_ex.o
 .debug_abbrev  0x000027a9      0x2aa ./Drivers/STM32G0xx_HAL_Driver/Src/stm32g0xx_hal_rcc.o
 .debug_abbrev  0x00002a53      0x22b ./Drivers/STM32G0xx_HAL_Driver/Src/stm32g0xx_hal_rcc_ex.o
 .debug_abbrev  0x00002c7e      0x29f ./Drivers/STM32G0xx_HAL_Driver/Src/stm32g0xx_hal_tim.o
 .debug_abbrev  0x00002f1d      0x2a8 ./Drivers/STM32G0xx_HAL_Driver/Src/stm32g0xx_hal_tim_ex.o

.debug_aranges  0x00000000     0x1238
 .debug_aranges
                0x00000000       0x40 ./Core/Src/IHRD.o
 .debug_aranges
                0x00000040       0x30 ./Core/Src/adc.o
 .debug_aranges
                0x00000070       0x20 ./Core/Src/dma.o
 .debug_aranges
                0x00000090       0x20 ./Core/Src/gpio.o
 .debug_aranges
                0x000000b0       0x30 ./Core/Src/i2c.o
 .debug_aranges
                0x000000e0       0x38 ./Core/Src/main.o
 .debug_aranges
                0x00000118       0x20 ./Core/Src/stm32g0xx_hal_msp.o
 .debug_aranges
                0x00000138       0x48 ./Core/Src/stm32g0xx_it.o
 .debug_aranges
                0x00000180       0x20 ./Core/Src/sysmem.o
 .debug_aranges
                0x000001a0       0x28 ./Core/Src/system_stm32g0xx.o
 .debug_aranges
                0x000001c8       0x30 ./Core/Src/tim.o
 .debug_aranges
                0x000001f8       0x28 ./Core/Startup/startup_stm32g071gbux.o
 .debug_aranges
                0x00000220       0xe8 ./Drivers/OLED/ssd1306.o
 .debug_aranges
                0x00000308       0x18 ./Drivers/OLED/ssd1306_fonts.o
 .debug_aranges
                0x00000320      0x120 ./Drivers/STM32G0xx_HAL_Driver/Src/stm32g0xx_hal.o
 .debug_aranges
                0x00000440      0x1f0 ./Drivers/STM32G0xx_HAL_Driver/Src/stm32g0xx_hal_adc.o
 .debug_aranges
                0x00000630       0xe8 ./Drivers/STM32G0xx_HAL_Driver/Src/stm32g0xx_hal_cortex.o
 .debug_aranges
                0x00000718       0x90 ./Drivers/STM32G0xx_HAL_Driver/Src/stm32g0xx_hal_dma.o
 .debug_aranges
                0x000007a8       0x60 ./Drivers/STM32G0xx_HAL_Driver/Src/stm32g0xx_hal_gpio.o
 .debug_aranges
                0x00000808      0x2a0 ./Drivers/STM32G0xx_HAL_Driver/Src/stm32g0xx_hal_i2c.o
 .debug_aranges
                0x00000aa8       0x48 ./Drivers/STM32G0xx_HAL_Driver/Src/stm32g0xx_hal_i2c_ex.o
 .debug_aranges
                0x00000af0       0xf0 ./Drivers/STM32G0xx_HAL_Driver/Src/stm32g0xx_hal_pwr_ex.o
 .debug_aranges
                0x00000be0       0xa0 ./Drivers/STM32G0xx_HAL_Driver/Src/stm32g0xx_hal_rcc.o
 .debug_aranges
                0x00000c80       0x40 ./Drivers/STM32G0xx_HAL_Driver/Src/stm32g0xx_hal_rcc_ex.o
 .debug_aranges
                0x00000cc0      0x3e0 ./Drivers/STM32G0xx_HAL_Driver/Src/stm32g0xx_hal_tim.o
 .debug_aranges
                0x000010a0      0x198 ./Drivers/STM32G0xx_HAL_Driver/Src/stm32g0xx_hal_tim_ex.o

.debug_rnglists
                0x00000000      0xe05
 .debug_rnglists
                0x00000000       0x2c ./Core/Src/IHRD.o
 .debug_rnglists
                0x0000002c       0x21 ./Core/Src/adc.o
 .debug_rnglists
                0x0000004d       0x13 ./Core/Src/dma.o
 .debug_rnglists
                0x00000060       0x14 ./Core/Src/gpio.o
 .debug_rnglists
                0x00000074       0x21 ./Core/Src/i2c.o
 .debug_rnglists
                0x00000095       0x27 ./Core/Src/main.o
 .debug_rnglists
                0x000000bc       0x13 ./Core/Src/stm32g0xx_hal_msp.o
 .debug_rnglists
                0x000000cf       0x31 ./Core/Src/stm32g0xx_it.o
 .debug_rnglists
                0x00000100       0x13 ./Core/Src/sysmem.o
 .debug_rnglists
                0x00000113       0x1a ./Core/Src/system_stm32g0xx.o
 .debug_rnglists
                0x0000012d       0x20 ./Core/Src/tim.o
 .debug_rnglists
                0x0000014d       0x19 ./Core/Startup/startup_stm32g071gbux.o
 .debug_rnglists
                0x00000166       0xb6 ./Drivers/OLED/ssd1306.o
 .debug_rnglists
                0x0000021c       0xd4 ./Drivers/STM32G0xx_HAL_Driver/Src/stm32g0xx_hal.o
 .debug_rnglists
                0x000002f0      0x17f ./Drivers/STM32G0xx_HAL_Driver/Src/stm32g0xx_hal_adc.o
 .debug_rnglists
                0x0000046f       0xaa ./Drivers/STM32G0xx_HAL_Driver/Src/stm32g0xx_hal_cortex.o
 .debug_rnglists
                0x00000519       0x72 ./Drivers/STM32G0xx_HAL_Driver/Src/stm32g0xx_hal_dma.o
 .debug_rnglists
                0x0000058b       0x45 ./Drivers/STM32G0xx_HAL_Driver/Src/stm32g0xx_hal_gpio.o
 .debug_rnglists
                0x000005d0      0x229 ./Drivers/STM32G0xx_HAL_Driver/Src/stm32g0xx_hal_i2c.o
 .debug_rnglists
                0x000007f9       0x35 ./Drivers/STM32G0xx_HAL_Driver/Src/stm32g0xx_hal_i2c_ex.o
 .debug_rnglists
                0x0000082e       0xb5 ./Drivers/STM32G0xx_HAL_Driver/Src/stm32g0xx_hal_pwr_ex.o
 .debug_rnglists
                0x000008e3       0x79 ./Drivers/STM32G0xx_HAL_Driver/Src/stm32g0xx_hal_rcc.o
 .debug_rnglists
                0x0000095c       0x30 ./Drivers/STM32G0xx_HAL_Driver/Src/stm32g0xx_hal_rcc_ex.o
 .debug_rnglists
                0x0000098c      0x32b ./Drivers/STM32G0xx_HAL_Driver/Src/stm32g0xx_hal_tim.o
 .debug_rnglists
                0x00000cb7      0x14e ./Drivers/STM32G0xx_HAL_Driver/Src/stm32g0xx_hal_tim_ex.o

.debug_macro    0x00000000    0x1b64f
 .debug_macro   0x00000000      0x156 ./Core/Src/IHRD.o
 .debug_macro   0x00000156      0xaae ./Core/Src/IHRD.o
 .debug_macro   0x00000c04       0x22 ./Core/Src/IHRD.o
 .debug_macro   0x00000c26       0x8e ./Core/Src/IHRD.o
 .debug_macro   0x00000cb4       0x51 ./Core/Src/IHRD.o
 .debug_macro   0x00000d05      0x103 ./Core/Src/IHRD.o
 .debug_macro   0x00000e08       0x6a ./Core/Src/IHRD.o
 .debug_macro   0x00000e72      0x1df ./Core/Src/IHRD.o
 .debug_macro   0x00001051       0x24 ./Core/Src/IHRD.o
 .debug_macro   0x00001075       0x61 ./Core/Src/IHRD.o
 .debug_macro   0x000010d6       0x43 ./Core/Src/IHRD.o
 .debug_macro   0x00001119       0x34 ./Core/Src/IHRD.o
 .debug_macro   0x0000114d       0x16 ./Core/Src/IHRD.o
 .debug_macro   0x00001163      0x11c ./Core/Src/IHRD.o
 .debug_macro   0x0000127f       0x9b ./Core/Src/IHRD.o
 .debug_macro   0x0000131a      0x364 ./Core/Src/IHRD.o
 .debug_macro   0x0000167e       0x16 ./Core/Src/IHRD.o
 .debug_macro   0x00001694       0x4a ./Core/Src/IHRD.o
 .debug_macro   0x000016de       0x34 ./Core/Src/IHRD.o
 .debug_macro   0x00001712       0x10 ./Core/Src/IHRD.o
 .debug_macro   0x00001722       0x58 ./Core/Src/IHRD.o
 .debug_macro   0x0000177a       0x8e ./Core/Src/IHRD.o
 .debug_macro   0x00001808       0x1c ./Core/Src/IHRD.o
 .debug_macro   0x00001824      0x17e ./Core/Src/IHRD.o
 .debug_macro   0x000019a2       0x16 ./Core/Src/IHRD.o
 .debug_macro   0x000019b8       0x29 ./Core/Src/IHRD.o
 .debug_macro   0x000019e1       0x16 ./Core/Src/IHRD.o
 .debug_macro   0x000019f7      0x19b ./Core/Src/IHRD.o
 .debug_macro   0x00001b92      0x225 ./Core/Src/adc.o
 .debug_macro   0x00001db7      0x123 ./Core/Src/adc.o
 .debug_macro   0x00001eda       0x2e ./Core/Src/adc.o
 .debug_macro   0x00001f08       0x28 ./Core/Src/adc.o
 .debug_macro   0x00001f30       0x1c ./Core/Src/adc.o
 .debug_macro   0x00001f4c       0x22 ./Core/Src/adc.o
 .debug_macro   0x00001f6e       0xd1 ./Core/Src/adc.o
 .debug_macro   0x0000203f      0x4da ./Core/Src/adc.o
 .debug_macro   0x00002519      0x11f ./Core/Src/adc.o
 .debug_macro   0x00002638     0xc7b5 ./Core/Src/adc.o
 .debug_macro   0x0000eded       0x66 ./Core/Src/adc.o
 .debug_macro   0x0000ee53     0x3512 ./Core/Src/adc.o
 .debug_macro   0x00012365      0x190 ./Core/Src/adc.o
 .debug_macro   0x000124f5       0x5c ./Core/Src/adc.o
 .debug_macro   0x00012551      0x56c ./Core/Src/adc.o
 .debug_macro   0x00012abd     0x1122 ./Core/Src/adc.o
 .debug_macro   0x00013bdf      0x264 ./Core/Src/adc.o
 .debug_macro   0x00013e43      0x1cf ./Core/Src/adc.o
 .debug_macro   0x00014012      0x1d8 ./Core/Src/adc.o
 .debug_macro   0x000141ea      0x426 ./Core/Src/adc.o
 .debug_macro   0x00014610      0x280 ./Core/Src/adc.o
 .debug_macro   0x00014890      0x3a7 ./Core/Src/adc.o
 .debug_macro   0x00014c37      0x1b2 ./Core/Src/adc.o
 .debug_macro   0x00014de9       0x43 ./Core/Src/adc.o
 .debug_macro   0x00014e2c      0x1f1 ./Core/Src/adc.o
 .debug_macro   0x0001501d      0x8b4 ./Core/Src/adc.o
 .debug_macro   0x000158d1      0x5c2 ./Core/Src/adc.o
 .debug_macro   0x00015e93       0x2e ./Core/Src/adc.o
 .debug_macro   0x00015ec1      0x1d6 ./Core/Src/adc.o
 .debug_macro   0x00016097      0x38a ./Core/Src/adc.o
 .debug_macro   0x00016421       0x28 ./Core/Src/adc.o
 .debug_macro   0x00016449       0xe4 ./Core/Src/adc.o
 .debug_macro   0x0001652d      0x22c ./Core/Src/adc.o
 .debug_macro   0x00016759       0x67 ./Core/Src/adc.o
 .debug_macro   0x000167c0       0xa5 ./Core/Src/adc.o
 .debug_macro   0x00016865      0x125 ./Core/Src/adc.o
 .debug_macro   0x0001698a      0x240 ./Core/Src/adc.o
 .debug_macro   0x00016bca      0xad0 ./Core/Src/adc.o
 .debug_macro   0x0001769a      0x1a1 ./Core/Src/adc.o
 .debug_macro   0x0001783b      0x4f2 ./Core/Src/adc.o
 .debug_macro   0x00017d2d       0x40 ./Core/Src/adc.o
 .debug_macro   0x00017d6d      0x225 ./Core/Src/dma.o
 .debug_macro   0x00017f92      0x225 ./Core/Src/gpio.o
 .debug_macro   0x000181b7      0x225 ./Core/Src/i2c.o
 .debug_macro   0x000183dc      0x41a ./Core/Src/main.o
 .debug_macro   0x000187f6       0x16 ./Core/Src/main.o
 .debug_macro   0x0001880c       0x3c ./Core/Src/main.o
 .debug_macro   0x00018848       0x10 ./Core/Src/main.o
 .debug_macro   0x00018858       0x16 ./Core/Src/main.o
 .debug_macro   0x0001886e       0x16 ./Core/Src/main.o
 .debug_macro   0x00018884      0x146 ./Core/Src/main.o
 .debug_macro   0x000189ca       0x52 ./Core/Src/main.o
 .debug_macro   0x00018a1c       0x40 ./Core/Src/main.o
 .debug_macro   0x00018a5c      0x21b ./Core/Src/stm32g0xx_hal_msp.o
 .debug_macro   0x00018c77      0x225 ./Core/Src/stm32g0xx_it.o
 .debug_macro   0x00018e9c      0x112 ./Core/Src/sysmem.o
 .debug_macro   0x00018fae      0x23c ./Core/Src/sysmem.o
 .debug_macro   0x000191ea      0x20c ./Core/Src/system_stm32g0xx.o
 .debug_macro   0x000193f6      0x225 ./Core/Src/tim.o
 .debug_macro   0x0001961b      0x337 ./Drivers/OLED/ssd1306.o
 .debug_macro   0x00019952       0x28 ./Drivers/OLED/ssd1306.o
 .debug_macro   0x0001997a       0x16 ./Drivers/OLED/ssd1306.o
 .debug_macro   0x00019990       0x20 ./Drivers/OLED/ssd1306.o
 .debug_macro   0x000199b0      0x262 ./Drivers/OLED/ssd1306_fonts.o
 .debug_macro   0x00019c12      0x230 ./Drivers/STM32G0xx_HAL_Driver/Src/stm32g0xx_hal.o
 .debug_macro   0x00019e42      0x230 ./Drivers/STM32G0xx_HAL_Driver/Src/stm32g0xx_hal_adc.o
 .debug_macro   0x0001a072      0x20c ./Drivers/STM32G0xx_HAL_Driver/Src/stm32g0xx_hal_cortex.o
 .debug_macro   0x0001a27e      0x20c ./Drivers/STM32G0xx_HAL_Driver/Src/stm32g0xx_hal_dma.o
 .debug_macro   0x0001a48a      0x213 ./Drivers/STM32G0xx_HAL_Driver/Src/stm32g0xx_hal_gpio.o
 .debug_macro   0x0001a69d      0x2d8 ./Drivers/STM32G0xx_HAL_Driver/Src/stm32g0xx_hal_i2c.o
 .debug_macro   0x0001a975      0x20c ./Drivers/STM32G0xx_HAL_Driver/Src/stm32g0xx_hal_i2c_ex.o
 .debug_macro   0x0001ab81      0x236 ./Drivers/STM32G0xx_HAL_Driver/Src/stm32g0xx_hal_pwr_ex.o
 .debug_macro   0x0001adb7      0x24e ./Drivers/STM32G0xx_HAL_Driver/Src/stm32g0xx_hal_rcc.o
 .debug_macro   0x0001b005      0x224 ./Drivers/STM32G0xx_HAL_Driver/Src/stm32g0xx_hal_rcc_ex.o
 .debug_macro   0x0001b229      0x214 ./Drivers/STM32G0xx_HAL_Driver/Src/stm32g0xx_hal_tim.o
 .debug_macro   0x0001b43d      0x212 ./Drivers/STM32G0xx_HAL_Driver/Src/stm32g0xx_hal_tim_ex.o

.debug_line     0x00000000    0x186c0
 .debug_line    0x00000000      0x6a8 ./Core/Src/IHRD.o
 .debug_line    0x000006a8      0x899 ./Core/Src/adc.o
 .debug_line    0x00000f41      0x7d2 ./Core/Src/dma.o
 .debug_line    0x00001713      0x7fd ./Core/Src/gpio.o
 .debug_line    0x00001f10      0x887 ./Core/Src/i2c.o
 .debug_line    0x00002797      0xce7 ./Core/Src/main.o
 .debug_line    0x0000347e      0x7d6 ./Core/Src/stm32g0xx_hal_msp.o
 .debug_line    0x00003c54      0x84b ./Core/Src/stm32g0xx_it.o
 .debug_line    0x0000449f      0x592 ./Core/Src/sysmem.o
 .debug_line    0x00004a31      0x849 ./Core/Src/system_stm32g0xx.o
 .debug_line    0x0000527a      0x84d ./Core/Src/tim.o
 .debug_line    0x00005ac7       0x7b ./Core/Startup/startup_stm32g071gbux.o
 .debug_line    0x00005b42     0x124d ./Drivers/OLED/ssd1306.o
 .debug_line    0x00006d8f      0x8d3 ./Drivers/OLED/ssd1306_fonts.o
 .debug_line    0x00007662      0xb92 ./Drivers/STM32G0xx_HAL_Driver/Src/stm32g0xx_hal.o
 .debug_line    0x000081f4     0x19cc ./Drivers/STM32G0xx_HAL_Driver/Src/stm32g0xx_hal_adc.o
 .debug_line    0x00009bc0      0xc24 ./Drivers/STM32G0xx_HAL_Driver/Src/stm32g0xx_hal_cortex.o
 .debug_line    0x0000a7e4      0xe0b ./Drivers/STM32G0xx_HAL_Driver/Src/stm32g0xx_hal_dma.o
 .debug_line    0x0000b5ef      0xbe0 ./Drivers/STM32G0xx_HAL_Driver/Src/stm32g0xx_hal_gpio.o
 .debug_line    0x0000c1cf     0x37cd ./Drivers/STM32G0xx_HAL_Driver/Src/stm32g0xx_hal_i2c.o
 .debug_line    0x0000f99c      0x93c ./Drivers/STM32G0xx_HAL_Driver/Src/stm32g0xx_hal_i2c_ex.o
 .debug_line    0x000102d8      0xb68 ./Drivers/STM32G0xx_HAL_Driver/Src/stm32g0xx_hal_pwr_ex.o
 .debug_line    0x00010e40     0x1060 ./Drivers/STM32G0xx_HAL_Driver/Src/stm32g0xx_hal_rcc.o
 .debug_line    0x00011ea0      0xdea ./Drivers/STM32G0xx_HAL_Driver/Src/stm32g0xx_hal_rcc_ex.o
 .debug_line    0x00012c8a     0x3ddd ./Drivers/STM32G0xx_HAL_Driver/Src/stm32g0xx_hal_tim.o
 .debug_line    0x00016a67     0x1c59 ./Drivers/STM32G0xx_HAL_Driver/Src/stm32g0xx_hal_tim_ex.o

.debug_str      0x00000000    0xa9d38
 .debug_str     0x00000000    0xa9d38 ./Core/Src/IHRD.o
                               0x7b36 (size before relaxing)
 .debug_str     0x000a9d38    0xa051b ./Core/Src/adc.o
 .debug_str     0x000a9d38    0xa00a1 ./Core/Src/dma.o
 .debug_str     0x000a9d38    0x9ff4d ./Core/Src/gpio.o
 .debug_str     0x000a9d38    0xa065e ./Core/Src/i2c.o
 .debug_str     0x000a9d38    0xa48a0 ./Core/Src/main.o
 .debug_str     0x000a9d38    0x9fe82 ./Core/Src/stm32g0xx_hal_msp.o
 .debug_str     0x000a9d38    0xa0104 ./Core/Src/stm32g0xx_it.o
 .debug_str     0x000a9d38     0x7600 ./Core/Src/sysmem.o
 .debug_str     0x000a9d38    0x9fde9 ./Core/Src/system_stm32g0xx.o
 .debug_str     0x000a9d38    0xa05f6 ./Core/Src/tim.o
 .debug_str     0x000a9d38       0x7c ./Core/Startup/startup_stm32g071gbux.o
 .debug_str     0x000a9d38    0xa4377 ./Drivers/OLED/ssd1306.o
 .debug_str     0x000a9d38    0xa02e4 ./Drivers/OLED/ssd1306_fonts.o
 .debug_str     0x000a9d38    0xa05ed ./Drivers/STM32G0xx_HAL_Driver/Src/stm32g0xx_hal.o
 .debug_str     0x000a9d38    0xa0ba4 ./Drivers/STM32G0xx_HAL_Driver/Src/stm32g0xx_hal_adc.o
 .debug_str     0x000a9d38    0xa02b0 ./Drivers/STM32G0xx_HAL_Driver/Src/stm32g0xx_hal_cortex.o
 .debug_str     0x000a9d38    0xa0283 ./Drivers/STM32G0xx_HAL_Driver/Src/stm32g0xx_hal_dma.o
 .debug_str     0x000a9d38    0x9ff32 ./Drivers/STM32G0xx_HAL_Driver/Src/stm32g0xx_hal_gpio.o
 .debug_str     0x000a9d38    0xa11b5 ./Drivers/STM32G0xx_HAL_Driver/Src/stm32g0xx_hal_i2c.o
 .debug_str     0x000a9d38    0xa0428 ./Drivers/STM32G0xx_HAL_Driver/Src/stm32g0xx_hal_i2c_ex.o
 .debug_str     0x000a9d38    0xa0276 ./Drivers/STM32G0xx_HAL_Driver/Src/stm32g0xx_hal_pwr_ex.o
 .debug_str     0x000a9d38    0xa053f ./Drivers/STM32G0xx_HAL_Driver/Src/stm32g0xx_hal_rcc.o
 .debug_str     0x000a9d38    0xa01b3 ./Drivers/STM32G0xx_HAL_Driver/Src/stm32g0xx_hal_rcc_ex.o
 .debug_str     0x000a9d38    0xa1331 ./Drivers/STM32G0xx_HAL_Driver/Src/stm32g0xx_hal_tim.o
 .debug_str     0x000a9d38    0xa0cb9 ./Drivers/STM32G0xx_HAL_Driver/Src/stm32g0xx_hal_tim_ex.o

.comment        0x00000000       0x43
 .comment       0x00000000       0x43 ./Core/Src/IHRD.o
                                 0x44 (size before relaxing)
 .comment       0x00000043       0x44 ./Core/Src/adc.o
 .comment       0x00000043       0x44 ./Core/Src/dma.o
 .comment       0x00000043       0x44 ./Core/Src/gpio.o
 .comment       0x00000043       0x44 ./Core/Src/i2c.o
 .comment       0x00000043       0x44 ./Core/Src/main.o
 .comment       0x00000043       0x44 ./Core/Src/stm32g0xx_hal_msp.o
 .comment       0x00000043       0x44 ./Core/Src/stm32g0xx_it.o
 .comment       0x00000043       0x44 ./Core/Src/sysmem.o
 .comment       0x00000043       0x44 ./Core/Src/system_stm32g0xx.o
 .comment       0x00000043       0x44 ./Core/Src/tim.o
 .comment       0x00000043       0x44 ./Drivers/OLED/ssd1306.o
 .comment       0x00000043       0x44 ./Drivers/OLED/ssd1306_fonts.o
 .comment       0x00000043       0x44 ./Drivers/STM32G0xx_HAL_Driver/Src/stm32g0xx_hal.o
 .comment       0x00000043       0x44 ./Drivers/STM32G0xx_HAL_Driver/Src/stm32g0xx_hal_adc.o
 .comment       0x00000043       0x44 ./Drivers/STM32G0xx_HAL_Driver/Src/stm32g0xx_hal_cortex.o
 .comment       0x00000043       0x44 ./Drivers/STM32G0xx_HAL_Driver/Src/stm32g0xx_hal_dma.o
 .comment       0x00000043       0x44 ./Drivers/STM32G0xx_HAL_Driver/Src/stm32g0xx_hal_gpio.o
 .comment       0x00000043       0x44 ./Drivers/STM32G0xx_HAL_Driver/Src/stm32g0xx_hal_i2c.o
 .comment       0x00000043       0x44 ./Drivers/STM32G0xx_HAL_Driver/Src/stm32g0xx_hal_i2c_ex.o
 .comment       0x00000043       0x44 ./Drivers/STM32G0xx_HAL_Driver/Src/stm32g0xx_hal_pwr_ex.o
 .comment       0x00000043       0x44 ./Drivers/STM32G0xx_HAL_Driver/Src/stm32g0xx_hal_rcc.o
 .comment       0x00000043       0x44 ./Drivers/STM32G0xx_HAL_Driver/Src/stm32g0xx_hal_rcc_ex.o
 .comment       0x00000043       0x44 ./Drivers/STM32G0xx_HAL_Driver/Src/stm32g0xx_hal_tim.o
 .comment       0x00000043       0x44 ./Drivers/STM32G0xx_HAL_Driver/Src/stm32g0xx_hal_tim_ex.o

.debug_frame    0x00000000     0x4770
 .debug_frame   0x00000000       0xb4 ./Core/Src/IHRD.o
 .debug_frame   0x000000b4       0x70 ./Core/Src/adc.o
 .debug_frame   0x00000124       0x30 ./Core/Src/dma.o
 .debug_frame   0x00000154       0x30 ./Core/Src/gpio.o
 .debug_frame   0x00000184       0x6c ./Core/Src/i2c.o
 .debug_frame   0x000001f0       0x8c ./Core/Src/main.o
 .debug_frame   0x0000027c       0x30 ./Core/Src/stm32g0xx_hal_msp.o
 .debug_frame   0x000002ac       0xb8 ./Core/Src/stm32g0xx_it.o
 .debug_frame   0x00000364       0x30 ./Core/Src/sysmem.o
 .debug_frame   0x00000394       0x4c ./Core/Src/system_stm32g0xx.o
 .debug_frame   0x000003e0       0x70 ./Core/Src/tim.o
 .debug_frame   0x00000450      0x36c ./Drivers/OLED/ssd1306.o
 .debug_frame   0x000007bc      0x3dc ./Drivers/STM32G0xx_HAL_Driver/Src/stm32g0xx_hal.o
 .debug_frame   0x00000b98      0x78c ./Drivers/STM32G0xx_HAL_Driver/Src/stm32g0xx_hal_adc.o
 .debug_frame   0x00001324      0x33c ./Drivers/STM32G0xx_HAL_Driver/Src/stm32g0xx_hal_cortex.o
 .debug_frame   0x00001660      0x1f0 ./Drivers/STM32G0xx_HAL_Driver/Src/stm32g0xx_hal_dma.o
 .debug_frame   0x00001850      0x130 ./Drivers/STM32G0xx_HAL_Driver/Src/stm32g0xx_hal_gpio.o
 .debug_frame   0x00001980      0xa68 ./Drivers/STM32G0xx_HAL_Driver/Src/stm32g0xx_hal_i2c.o
 .debug_frame   0x000023e8       0xd0 ./Drivers/STM32G0xx_HAL_Driver/Src/stm32g0xx_hal_i2c_ex.o
 .debug_frame   0x000024b8      0x32c ./Drivers/STM32G0xx_HAL_Driver/Src/stm32g0xx_hal_pwr_ex.o
 .debug_frame   0x000027e4      0x214 ./Drivers/STM32G0xx_HAL_Driver/Src/stm32g0xx_hal_rcc.o
 .debug_frame   0x000029f8       0xb4 ./Drivers/STM32G0xx_HAL_Driver/Src/stm32g0xx_hal_rcc_ex.o
 .debug_frame   0x00002aac      0xf40 ./Drivers/STM32G0xx_HAL_Driver/Src/stm32g0xx_hal_tim.o
 .debug_frame   0x000039ec      0x620 ./Drivers/STM32G0xx_HAL_Driver/Src/stm32g0xx_hal_tim_ex.o
 .debug_frame   0x0000400c      0x138 C:/ST/STM32CubeIDE_1.16.1/STM32CubeIDE/plugins/com.st.stm32cube.ide.mcu.externaltools.gnu-tools-for-stm32.14.3.rel1.win32_1.0.100.202602081740/tools/bin/../lib/gcc/arm-none-eabi/14.3.1/../../../../arm-none-eabi/lib/thumb/v6-m/nofp\libc_nano.a(libc_a-findfp.o)
 .debug_frame   0x00004144       0x50 C:/ST/STM32CubeIDE_1.16.1/STM32CubeIDE/plugins/com.st.stm32cube.ide.mcu.externaltools.gnu-tools-for-stm32.14.3.rel1.win32_1.0.100.202602081740/tools/bin/../lib/gcc/arm-none-eabi/14.3.1/../../../../arm-none-eabi/lib/thumb/v6-m/nofp\libc_nano.a(libc_a-snprintf.o)
 .debug_frame   0x00004194       0x20 C:/ST/STM32CubeIDE_1.16.1/STM32CubeIDE/plugins/com.st.stm32cube.ide.mcu.externaltools.gnu-tools-for-stm32.14.3.rel1.win32_1.0.100.202602081740/tools/bin/../lib/gcc/arm-none-eabi/14.3.1/../../../../arm-none-eabi/lib/thumb/v6-m/nofp\libc_nano.a(libc_a-memset.o)
 .debug_frame   0x000041b4       0x2c C:/ST/STM32CubeIDE_1.16.1/STM32CubeIDE/plugins/com.st.stm32cube.ide.mcu.externaltools.gnu-tools-for-stm32.14.3.rel1.win32_1.0.100.202602081740/tools/bin/../lib/gcc/arm-none-eabi/14.3.1/../../../../arm-none-eabi/lib/thumb/v6-m/nofp\libc_nano.a(libc_a-reent.o)
 .debug_frame   0x000041e0       0x20 C:/ST/STM32CubeIDE_1.16.1/STM32CubeIDE/plugins/com.st.stm32cube.ide.mcu.externaltools.gnu-tools-for-stm32.14.3.rel1.win32_1.0.100.202602081740/tools/bin/../lib/gcc/arm-none-eabi/14.3.1/../../../../arm-none-eabi/lib/thumb/v6-m/nofp\libc_nano.a(libc_a-errno.o)
 .debug_frame   0x00004200       0x2c C:/ST/STM32CubeIDE_1.16.1/STM32CubeIDE/plugins/com.st.stm32cube.ide.mcu.externaltools.gnu-tools-for-stm32.14.3.rel1.win32_1.0.100.202602081740/tools/bin/../lib/gcc/arm-none-eabi/14.3.1/../../../../arm-none-eabi/lib/thumb/v6-m/nofp\libc_nano.a(libc_a-init.o)
 .debug_frame   0x0000422c       0xb0 C:/ST/STM32CubeIDE_1.16.1/STM32CubeIDE/plugins/com.st.stm32cube.ide.mcu.externaltools.gnu-tools-for-stm32.14.3.rel1.win32_1.0.100.202602081740/tools/bin/../lib/gcc/arm-none-eabi/14.3.1/../../../../arm-none-eabi/lib/thumb/v6-m/nofp\libc_nano.a(libc_a-lock.o)