../Core/Src/main.c:109:5:main	56	static
../Core/Src/main.c:247:6:SystemClock_Config	88	static
../Core/Src/main.c:294:13:MX_ADC1_Init	24	static
../Core/Src/main.c:353:13:MX_I2C1_Init	8	static
../Core/Src/main.c:401:13:MX_TIM2_Init	40	static
../Core/Src/main.c:446:13:MX_USART2_UART_Init	8	static
../Core/Src/main.c:492:13:MX_DMA_Init	16	static
../Core/Src/main.c:510:13:MX_GPIO_Init	56	static
../Core/Src/main.c:539:6:HAL_ADC_ConvCpltCallback	16	static
../Core/Src/main.c:552:6:Error_Handler	8	static,ignoring_inline_asm
